Archive member included to satisfy reference by file (symbol)

C:\Users\aedan\OneDrive\Documents\Cproject4213\test_Sd_read\Drivers\CMSIS\DSP_Drivers\Lib\GCC\libarm_cortexM4lf_math.a(arm_rfft_fast_init_f32.o)
                              ./Core/Src/main.o (arm_rfft_fast_init_f32)
C:\Users\aedan\OneDrive\Documents\Cproject4213\test_Sd_read\Drivers\CMSIS\DSP_Drivers\Lib\GCC\libarm_cortexM4lf_math.a(arm_rfft_fast_f32.o)
                              ./Core/Src/main.o (arm_rfft_fast_f32)
C:\Users\aedan\OneDrive\Documents\Cproject4213\test_Sd_read\Drivers\CMSIS\DSP_Drivers\Lib\GCC\libarm_cortexM4lf_math.a(arm_cfft_f32.o)
                              C:\Users\aedan\OneDrive\Documents\Cproject4213\test_Sd_read\Drivers\CMSIS\DSP_Drivers\Lib\GCC\libarm_cortexM4lf_math.a(arm_rfft_fast_f32.o) (arm_cfft_f32)
C:\Users\aedan\OneDrive\Documents\Cproject4213\test_Sd_read\Drivers\CMSIS\DSP_Drivers\Lib\GCC\libarm_cortexM4lf_math.a(arm_bitreversal2.o)
                              C:\Users\aedan\OneDrive\Documents\Cproject4213\test_Sd_read\Drivers\CMSIS\DSP_Drivers\Lib\GCC\libarm_cortexM4lf_math.a(arm_cfft_f32.o) (arm_bitreversal_32)
C:\Users\aedan\OneDrive\Documents\Cproject4213\test_Sd_read\Drivers\CMSIS\DSP_Drivers\Lib\GCC\libarm_cortexM4lf_math.a(arm_fir_init_f32.o)
                              ./Core/Src/main.o (arm_fir_init_f32)
C:\Users\aedan\OneDrive\Documents\Cproject4213\test_Sd_read\Drivers\CMSIS\DSP_Drivers\Lib\GCC\libarm_cortexM4lf_math.a(arm_fir_f32.o)
                              ./Core/Src/main.o (arm_fir_f32)
C:\Users\aedan\OneDrive\Documents\Cproject4213\test_Sd_read\Drivers\CMSIS\DSP_Drivers\Lib\GCC\libarm_cortexM4lf_math.a(arm_common_tables.o)
                              C:\Users\aedan\OneDrive\Documents\Cproject4213\test_Sd_read\Drivers\CMSIS\DSP_Drivers\Lib\GCC\libarm_cortexM4lf_math.a(arm_rfft_fast_init_f32.o) (twiddleCoef_rfft_4096)
C:\Users\aedan\OneDrive\Documents\Cproject4213\test_Sd_read\Drivers\CMSIS\DSP_Drivers\Lib\GCC\libarm_cortexM4lf_math.a(arm_cfft_radix8_f32.o)
                              C:\Users\aedan\OneDrive\Documents\Cproject4213\test_Sd_read\Drivers\CMSIS\DSP_Drivers\Lib\GCC\libarm_cortexM4lf_math.a(arm_cfft_f32.o) (arm_radix8_butterfly_f32)
C:/ST/STM32CubeIDE_1.15.0/STM32CubeIDE/plugins/com.st.stm32cube.ide.mcu.externaltools.gnu-tools-for-stm32.12.3.rel1.win32_1.0.100.202403111256/tools/bin/../lib/gcc/arm-none-eabi/12.3.1/../../../../arm-none-eabi/lib/thumb/v7e-m+fp/hard\libc_nano.a(libc_a-exit.o)
                              C:/ST/STM32CubeIDE_1.15.0/STM32CubeIDE/plugins/com.st.stm32cube.ide.mcu.externaltools.gnu-tools-for-stm32.12.3.rel1.win32_1.0.100.202403111256/tools/bin/../lib/gcc/arm-none-eabi/12.3.1/../../../../arm-none-eabi/lib/thumb/v7e-m+fp/hard/crt0.o (exit)
C:/ST/STM32CubeIDE_1.15.0/STM32CubeIDE/plugins/com.st.stm32cube.ide.mcu.externaltools.gnu-tools-for-stm32.12.3.rel1.win32_1.0.100.202403111256/tools/bin/../lib/gcc/arm-none-eabi/12.3.1/../../../../arm-none-eabi/lib/thumb/v7e-m+fp/hard\libc_nano.a(libc_a-findfp.o)
                              C:/ST/STM32CubeIDE_1.15.0/STM32CubeIDE/plugins/com.st.stm32cube.ide.mcu.externaltools.gnu-tools-for-stm32.12.3.rel1.win32_1.0.100.202403111256/tools/bin/../lib/gcc/arm-none-eabi/12.3.1/../../../../arm-none-eabi/lib/thumb/v7e-m+fp/hard\libc_nano.a(libc_a-exit.o) (__stdio_exit_handler)
C:/ST/STM32CubeIDE_1.15.0/STM32CubeIDE/plugins/com.st.stm32cube.ide.mcu.externaltools.gnu-tools-for-stm32.12.3.rel1.win32_1.0.100.202403111256/tools/bin/../lib/gcc/arm-none-eabi/12.3.1/../../../../arm-none-eabi/lib/thumb/v7e-m+fp/hard\libc_nano.a(libc_a-fwalk.o)
                              C:/ST/STM32CubeIDE_1.15.0/STM32CubeIDE/plugins/com.st.stm32cube.ide.mcu.externaltools.gnu-tools-for-stm32.12.3.rel1.win32_1.0.100.202403111256/tools/bin/../lib/gcc/arm-none-eabi/12.3.1/../../../../arm-none-eabi/lib/thumb/v7e-m+fp/hard\libc_nano.a(libc_a-findfp.o) (_fwalk_sglue)
C:/ST/STM32CubeIDE_1.15.0/STM32CubeIDE/plugins/com.st.stm32cube.ide.mcu.externaltools.gnu-tools-for-stm32.12.3.rel1.win32_1.0.100.202403111256/tools/bin/../lib/gcc/arm-none-eabi/12.3.1/../../../../arm-none-eabi/lib/thumb/v7e-m+fp/hard\libc_nano.a(libc_a-sprintf.o)
                              ./Core/Src/main.o (sprintf)
C:/ST/STM32CubeIDE_1.15.0/STM32CubeIDE/plugins/com.st.stm32cube.ide.mcu.externaltools.gnu-tools-for-stm32.12.3.rel1.win32_1.0.100.202403111256/tools/bin/../lib/gcc/arm-none-eabi/12.3.1/../../../../arm-none-eabi/lib/thumb/v7e-m+fp/hard\libc_nano.a(libc_a-stdio.o)
                              C:/ST/STM32CubeIDE_1.15.0/STM32CubeIDE/plugins/com.st.stm32cube.ide.mcu.externaltools.gnu-tools-for-stm32.12.3.rel1.win32_1.0.100.202403111256/tools/bin/../lib/gcc/arm-none-eabi/12.3.1/../../../../arm-none-eabi/lib/thumb/v7e-m+fp/hard\libc_nano.a(libc_a-findfp.o) (__sread)
[...]
Memory Configuration

Name             Origin             Length             Attributes
RAM              0x20000000         0x00020000         xrw
FLASH            0x08000000         0x00080000         xr
*default*        0x00000000         0xffffffff

Linker script and memory map

LOAD C:/ST/STM32CubeIDE_1.15.0/STM32CubeIDE/plugins/com.st.stm32cube.ide.mcu.externaltools.gnu-tools-for-stm32.12.3.rel1.win32_1.0.100.202403111256/tools/bin/../lib/gcc/arm-none-eabi/12.3.1/thumb/v7e-m+fp/hard/crti.o
LOAD C:/ST/STM32CubeIDE_1.15.0/STM32CubeIDE/plugins/com.st.stm32cube.ide.mcu.externaltools.gnu-tools-for-stm32.12.3.rel1.win32_1.0.100.202403111256/tools/bin/../lib/gcc/arm-none-eabi/12.3.1/thumb/v7e-m+fp/hard/crtbegin.o
LOAD C:/ST/STM32CubeIDE_1.15.0/STM32CubeIDE/plugins/com.st.stm32cube.ide.mcu.externaltools.gnu-tools-for-stm32.12.3.rel1.win32_1.0.100.202403111256/tools/bin/../lib/gcc/arm-none-eabi/12.3.1/../../../../arm-none-eabi/lib/thumb/v7e-m+fp/hard/crt0.o
LOAD ./Core/Src/fatfs_sd.o
LOAD ./Core/Src/lcd.o
LOAD ./Core/Src/main.o
LOAD ./Core/Src/stm32f4xx_hal_msp.o
LOAD ./Core/Src/stm32f4xx_it.o
LOAD ./Core/Src/syscalls.o
LOAD ./Core/Src/sysmem.o
LOAD ./Core/Src/system_stm32f4xx.o
LOAD ./Core/Src/wav_helper.o
LOAD ./Core/Startup/startup_stm32f411retx.o
LOAD ./Drivers/STM32F4xx_HAL_Driver/Src/stm32f4xx_hal.o
LOAD ./Drivers/STM32F4xx_HAL_Driver/Src/stm32f4xx_hal_adc.o
LOAD ./Drivers/STM32F4xx_HAL_Driver/Src/stm32f4xx_hal_adc_ex.o
LOAD ./Drivers/STM32F4xx_HAL_Driver/Src/stm32f4xx_hal_cortex.o
LOAD ./Drivers/STM32F4xx_HAL_Driver/Src/stm32f4xx_hal_dma.o
LOAD ./Drivers/STM32F4xx_HAL_Driver/Src/stm32f4xx_hal_dma_ex.o
LOAD ./Drivers/STM32F4xx_HAL_Driver/Src/stm32f4xx_hal_exti.o
LOAD ./Drivers/STM32F4xx_HAL_Driver/Src/stm32f4xx_hal_flash.o
LOAD ./Drivers/STM32F4xx_HAL_Driver/Src/stm32f4xx_hal_flash_ex.o
LOAD ./Drivers/STM32F4xx_HAL_Driver/Src/stm32f4xx_hal_flash_ramfunc.o
LOAD ./Drivers/STM32F4xx_HAL_Driver/Src/stm32f4xx_hal_gpio.o
LOAD ./Drivers/STM32F4xx_HAL_Driver/Src/stm32f4xx_hal_i2c.o
LOAD ./Drivers/STM32F4xx_HAL_Driver/Src/stm32f4xx_hal_i2c_ex.o
LOAD ./Drivers/STM32F4xx_HAL_Driver/Src/stm32f4xx_hal_pwr.o
LOAD ./Drivers/STM32F4xx_HAL_Driver/Src/stm32f4xx_hal_pwr_ex.o
LOAD ./Drivers/STM32F4xx_HAL_Driver/Src/stm32f4xx_hal_rcc.o
LOAD ./Drivers/STM32F4xx_HAL_Driver/Src/stm32f4xx_hal_rcc_ex.o
LOAD ./Drivers/STM32F4xx_HAL_Driver/Src/stm32f4xx_hal_spi.o
LOAD ./Drivers/STM32F4xx_HAL_Driver/Src/stm32f4xx_hal_tim.o
LOAD ./Drivers/STM32F4xx_HAL_Driver/Src/stm32f4xx_hal_tim_ex.o
LOAD ./Drivers/STM32F4xx_HAL_Driver/Src/stm32f4xx_hal_uart.o
LOAD ./Drivers/STM32F4xx_HAL_Driver/Src/stm32f4xx_ll_adc.o
LOAD ./FATFS/App/fatfs.o
LOAD ./FATFS/Target/user_diskio.o
LOAD ./Middlewares/Third_Party/FatFs/src/diskio.o
LOAD ./Middlewares/Third_Party/FatFs/src/ff.o
LOAD ./Middlewares/Third_Party/FatFs/src/ff_gen_drv.o
LOAD ./Middlewares/Third_Party/FatFs/src/option/ccsbcs.o
LOAD ./Middlewares/Third_Party/FatFs/src/option/syscall.o
START GROUP
LOAD C:\Users\aedan\OneDrive\Documents\Cproject4213\test_Sd_read\Drivers\CMSIS\DSP_Drivers\Lib\GCC\libarm_cortexM4lf_math.a
END GROUP
START GROUP
LOAD C:/ST/STM32CubeIDE_1.15.0/STM32CubeIDE/plugins/com.st.stm32cube.ide.mcu.externaltools.gnu-tools-for-stm32.12.3.rel1.win32_1.0.100.202403111256/tools/bin/../lib/gcc/arm-none-eabi/12.3.1/../../../../arm-none-eabi/lib/thumb/v7e-m+fp/hard\libc_nano.a
LOAD C:/ST/STM32CubeIDE_1.15.0/STM32CubeIDE/plugins/com.st.stm32cube.ide.mcu.externaltools.gnu-tools-for-stm32.12.3.rel1.win32_1.0.100.202403111256/tools/bin/../lib/gcc/arm-none-eabi/12.3.1/../../../../arm-none-eabi/lib/thumb/v7e-m+fp/hard\libm.a
END GROUP
START GROUP
LOAD C:/ST/STM32CubeIDE_1.15.0/STM32CubeIDE/plugins/com.st.stm32cube.ide.mcu.externaltools.gnu-tools-for-stm32.12.3.rel1.win32_1.0.100.202403111256/tools/bin/../lib/gcc/arm-none-eabi/12.3.1/thumb/v7e-m+fp/hard\libgcc.a
LOAD C:/ST/STM32CubeIDE_1.15.0/STM32CubeIDE/plugins/com.st.stm32cube.ide.mcu.externaltools.gnu-tools-for-stm32.12.3.rel1.win32_1.0.100.202403111256/tools/bin/../lib/gcc/arm-none-eabi/12.3.1/../../../../arm-none-eabi/lib/thumb/v7e-m+fp/hard\libc_nano.a
END GROUP
START GROUP
LOAD C:/ST/STM32CubeIDE_1.15.0/STM32CubeIDE/plugins/com.st.stm32cube.ide.mcu.externaltools.gnu-tools-for-stm32.12.3.rel1.win32_1.0.100.202403111256/tools/bin/../lib/gcc/arm-none-eabi/12.3.1/thumb/v7e-m+fp/hard\libgcc.a
LOAD C:/ST/STM32CubeIDE_1.15.0/STM32CubeIDE/plugins/com.st.stm32cube.ide.mcu.externaltools.gnu-tools-for-stm32.12.3.rel1.win32_1.0.100.202403111256/tools/bin/../lib/gcc/arm-none-eabi/12.3.1/../../../../arm-none-eabi/lib/thumb/v7e-m+fp/hard\libc_nano.a
LOAD C:/ST/STM32CubeIDE_1.15.0/STM32CubeIDE/plugins/com.st.stm32cube.ide.mcu.externaltools.gnu-tools-for-stm32.12.3.rel1.win32_1.0.100.202403111256/tools/bin/../lib/gcc/arm-none-eabi/12.3.1/../../../../arm-none-eabi/lib/thumb/v7e-m+fp/hard\libnosys.a
END GROUP
START GROUP
LOAD C:/ST/STM32CubeIDE_1.15.0/STM32CubeIDE/plugins/com.st.stm32cube.ide.mcu.externaltools.gnu-tools-for-stm32.12.3.rel1.win32_1.0.100.202403111256/tools/bin/../lib/gcc/arm-none-eabi/12.3.1/thumb/v7e-m+fp/hard\libgcc.a
LOAD C:/ST/STM32CubeIDE_1.15.0/STM32CubeIDE/plugins/com.st.stm32cube.ide.mcu.externaltools.gnu-tools-for-stm32.12.3.rel1.win32_1.0.100.202403111256/tools/bin/../lib/gcc/arm-none-eabi/12.3.1/../../../../arm-none-eabi/lib/thumb/v7e-m+fp/hard\libc_nano.a
LOAD C:/ST/STM32CubeIDE_1.15.0/STM32CubeIDE/plugins/com.st.stm32cube.ide.mcu.externaltools.gnu-tools-for-stm32.12.3.rel1.win32_1.0.100.202403111256/tools/bin/../lib/gcc/arm-none-eabi/12.3.1/../../../../arm-none-eabi/lib/thumb/v7e-m+fp/hard\libnosys.a
END GROUP
LOAD C:/ST/STM32CubeIDE_1.15.0/STM32CubeIDE/plugins/com.st.stm32cube.ide.mcu.externaltools.gnu-tools-for-stm32.12.3.rel1.win32_1.0.100.202403111256/tools/bin/../lib/gcc/arm-none-eabi/12.3.1/thumb/v7e-m+fp/hard/crtend.o
LOAD C:/ST/STM32CubeIDE_1.15.0/STM32CubeIDE/plugins/com.st.stm32cube.ide.mcu.externaltools.gnu-tools-for-stm32.12.3.rel1.win32_1.0.100.202403111256/tools/bin/../lib/gcc/arm-none-eabi/12.3.1/thumb/v7e-m+fp/hard/crtn.o
                0x20020000                        _estack = (ORIGIN (RAM) + LENGTH (RAM))
                0x00000200                        _Min_Heap_Size = 0x200
                0x00000400                        _Min_Stack_Size = 0x400

.isr_vector     0x08000000      0x198
                0x08000000                        . = ALIGN (0x4)
 *(.isr_vector)
 .isr_vector    0x08000000      0x198 ./Core/Startup/startup_stm32f411retx.o
                0x08000000                g_pfnVectors
                0x08000198                        . = ALIGN (0x4)

.text           0x080001a0     0xd078
                0x080001a0                        . = ALIGN (0x4)
 *(.text)
 .text          0x080001a0       0x40 C:/ST/STM32CubeIDE_1.15.0/STM32CubeIDE/plugins/com.st.stm32cube.ide.mcu.externaltools.gnu-tools-for-stm32.12.3.rel1.win32_1.0.100.202403111256/tools/bin/../lib/gcc/arm-none-eabi/12.3.1/thumb/v7e-m+fp/hard/crtbegin.o
 .text          0x080001e0       0x10 C:/ST/STM32CubeIDE_1.15.0/STM32CubeIDE/plugins/com.st.stm32cube.ide.mcu.externaltools.gnu-tools-for-stm32.12.3.rel1.win32_1.0.100.202403111256/tools/bin/../lib/gcc/arm-none-eabi/12.3.1/../../../../arm-none-eabi/lib/thumb/v7e-m+fp/hard\libc_nano.a(libc_a-strlen.o)
                0x080001e0                strlen
 .text          0x080001f0       0xa0 C:/ST/STM32CubeIDE_1.15.0/STM32CubeIDE/plugins/com.st.stm32cube.ide.mcu.externaltools.gnu-tools-for-stm32.12.3.rel1.win32_1.0.100.202403111256/tools/bin/../lib/gcc/arm-none-eabi/12.3.1/../../../../arm-none-eabi/lib/thumb/v7e-m+fp/hard\libc_nano.a(libc_a-memchr.o)
                0x080001f0                memchr
 .text          0x08000290      0x254 C:/ST/STM32CubeIDE_1.15.0/STM32CubeIDE/plugins/com.st.stm32cube.ide.mcu.externaltools.gnu-tools-for-stm32.12.3.rel1.win32_1.0.100.202403111256/tools/bin/../lib/gcc/arm-none-eabi/12.3.1/thumb/v7e-m+fp/hard\libgcc.a(_arm_muldf3.o)
                0x08000290                __muldf3
                0x08000290                __aeabi_dmul
 .text          0x080004e4      0x378 C:/ST/STM32CubeIDE_1.15.0/STM32CubeIDE/plugins/com.st.stm32cube.ide.mcu.externaltools.gnu-tools-for-stm32.12.3.rel1.win32_1.0.100.202403111256/tools/bin/../lib/gcc/arm-none-eabi/12.3.1/thumb/v7e-m+fp/hard\libgcc.a(_arm_addsubdf3.o)
                0x080004e4                __aeabi_drsub
                0x080004ec                __aeabi_dsub
                0x080004ec                __subdf3
                0x080004f0                __aeabi_dadd
                0x080004f0                __adddf3
                0x08000768                __floatunsidf
                0x08000768                __aeabi_ui2d
                0x08000788                __floatsidf
                0x08000788                __aeabi_i2d
                0x080007ac                __aeabi_f2d
                0x080007ac                __extendsfdf2
                0x080007f0                __floatundidf
                0x080007f0                __aeabi_ul2d
                0x08000800                __floatdidf
                0x08000800                __aeabi_l2d
 .text          0x0800085c       0x40 C:/ST/STM32CubeIDE_1.15.0/STM32CubeIDE/plugins/com.st.stm32cube.ide.mcu.externaltools.gnu-tools-for-stm32.12.3.rel1.win32_1.0.100.202403111256/tools/bin/../lib/gcc/arm-none-eabi/12.3.1/thumb/v7e-m+fp/hard\libgcc.a(_arm_fixunsdfsi.o)
                0x0800085c                __aeabi_d2uiz
                0x0800085c                __fixunsdfsi
 .text          0x0800089c       0x30 C:/ST/STM32CubeIDE_1.15.0/STM32CubeIDE/plugins/com.st.stm32cube.ide.mcu.externaltools.gnu-tools-for-stm32.12.3.rel1.win32_1.0.100.202403111256/tools/bin/../lib/gcc/arm-none-eabi/12.3.1/thumb/v7e-m+fp/hard\libgcc.a(_aeabi_uldivmod.o)
                0x0800089c                __aeabi_uldivmod
 .text          0x080008cc      0x2bc C:/ST/STM32CubeIDE_1.15.0/STM32CubeIDE/plugins/com.st.stm32cube.ide.mcu.externaltools.gnu-tools-for-stm32.12.3.rel1.win32_1.0.100.202403111256/tools/bin/../lib/gcc/arm-none-eabi/12.3.1/thumb/v7e-m+fp/hard\libgcc.a(_udivmoddi4.o)
                0x080008cc                __udivmoddi4
 .text          0x08000b88        0x4 C:/ST/STM32CubeIDE_1.15.0/STM32CubeIDE/plugins/com.st.stm32cube.ide.mcu.externaltools.gnu-tools-for-stm32.12.3.rel1.win32_1.0.100.202403111256/tools/bin/../lib/gcc/arm-none-eabi/12.3.1/thumb/v7e-m+fp/hard\libgcc.a(_dvmd_tls.o)
                0x08000b88                __aeabi_idiv0
                0x08000b88                __aeabi_ldiv0
 *(.text*)
 .text.SELECT   0x08000b8c       0x18 ./Core/Src/fatfs_sd.o
 .text.DESELECT
                0x08000ba4       0x18 ./Core/Src/fatfs_sd.o
 .text.SPI_TxByte
                0x08000bbc       0x34 ./Core/Src/fatfs_sd.o
 .text.SPI_RxByte
                0x08000bf0       0x3c ./Core/Src/fatfs_sd.o
 .text.SPI_RxBytePtr
                0x08000c2c       0x1c ./Core/Src/fatfs_sd.o
 .text.SD_ReadyWait
                0x08000c48       0x38 ./Core/Src/fatfs_sd.o
 .text.SD_PowerOn
                0x08000c80       0x98 ./Core/Src/fatfs_sd.o
 .text.SD_PowerOff
                0x08000d18       0x18 ./Core/Src/fatfs_sd.o
 .text.SD_CheckPower
                0x08000d30       0x18 ./Core/Src/fatfs_sd.o
 .text.SD_RxDataBlock
                0x08000d48       0x6c ./Core/Src/fatfs_sd.o
 .text.SD_TxDataBlock
                0x08000db4       0xa8 ./Core/Src/fatfs_sd.o
 .text.SD_SendCmd
                0x08000e5c       0xa4 ./Core/Src/fatfs_sd.o
 .text.SD_disk_initialize
                0x08000f00      0x1d4 ./Core/Src/fatfs_sd.o
                0x08000f00                SD_disk_initialize
 .text.SD_disk_status
                0x080010d4       0x2c ./Core/Src/fatfs_sd.o
                0x080010d4                SD_disk_status
 .text.SD_disk_read
                0x08001100       0xd4 ./Core/Src/fatfs_sd.o
                0x08001100                SD_disk_read
 .text.SD_disk_write
                0x080011d4      0x108 ./Core/Src/fatfs_sd.o
                0x080011d4                SD_disk_write
 .text.SD_disk_ioctl
                0x080012dc      0x260 ./Core/Src/fatfs_sd.o
                0x080012dc                SD_disk_ioctl
 .text.lcd_send_cmd
                0x0800153c       0x68 ./Core/Src/lcd.o
                0x0800153c                lcd_send_cmd
 .text.lcd_send_data
                0x080015a4       0x68 ./Core/Src/lcd.o
                0x080015a4                lcd_send_data
 .text.lcd_clear
                0x0800160c       0x14 ./Core/Src/lcd.o
                0x0800160c                lcd_clear
 .text.lcd_init
                0x08001620       0x7e ./Core/Src/lcd.o
                0x08001620                lcd_init
 .text.lcd_send_string
                0x0800169e       0x30 ./Core/Src/lcd.o
                0x0800169e                lcd_send_string
 .text.lcd_set_line_cursor
                0x080016ce       0x2e ./Core/Src/lcd.o
                0x080016ce                lcd_set_line_cursor
 .text.send_uart
                0x080016fc       0x30 ./Core/Src/main.o
                0x080016fc                send_uart
 .text.bufclear
                0x0800172c       0x34 ./Core/Src/main.o
                0x0800172c                bufclear
 .text.amplitude_threshold
                0x08001760       0x44 ./Core/Src/main.o
                0x08001760                amplitude_threshold
 .text.apply_high_pass_filter
                0x080017a4      0x128 ./Core/Src/main.o
                0x080017a4                apply_high_pass_filter
 .text.robot_effect
                0x080018cc       0xd0 ./Core/Src/main.o
                0x080018cc                robot_effect
 .text.apply_FFT
                0x0800199c      0x214 ./Core/Src/main.o
                0x0800199c                apply_FFT
 .text.main     0x08001bb0      0x1fc ./Core/Src/main.o
                0x08001bb0                main
 .text.SystemClock_Config
                0x08001dac       0xd0 ./Core/Src/main.o
                0x08001dac                SystemClock_Config
 .text.MX_ADC1_Init
                0x08001e7c       0xa4 ./Core/Src/main.o
 .text.MX_I2C1_Init
                0x08001f20       0x5c ./Core/Src/main.o
 .text.MX_SPI2_Init
                0x08001f7c       0x6c ./Core/Src/main.o
 .text.MX_TIM3_Init
                0x08001fe8       0x9c ./Core/Src/main.o
 .text.MX_TIM5_Init
                0x08002084       0xf0 ./Core/Src/main.o
 .text.MX_USART2_UART_Init
                0x08002174       0x54 ./Core/Src/main.o
 .text.MX_DMA_Init
                0x080021c8       0x40 ./Core/Src/main.o
 .text.MX_GPIO_Init
                0x08002208      0x118 ./Core/Src/main.o
 .text.HAL_ADC_ConvHalfCpltCallback
                0x08002320       0xfc ./Core/Src/main.o
                0x08002320                HAL_ADC_ConvHalfCpltCallback
 .text.HAL_ADC_ConvCpltCallback
                0x0800241c       0xfc ./Core/Src/main.o
                0x0800241c                HAL_ADC_ConvCpltCallback
 .text.HAL_GPIO_EXTI_Callback
                0x08002518       0x50 ./Core/Src/main.o
                0x08002518                HAL_GPIO_EXTI_Callback
 .text.HAL_TIM_PeriodElapsedCallback
                0x08002568       0xb4 ./Core/Src/main.o
                0x08002568                HAL_TIM_PeriodElapsedCallback
 .text.Error_Handler
                0x0800261c        0xc ./Core/Src/main.o
                0x0800261c                Error_Handler
 .text.HAL_MspInit
                0x08002628       0x50 ./Core/Src/stm32f4xx_hal_msp.o
                0x08002628                HAL_MspInit
 .text.HAL_ADC_MspInit
                0x08002678       0xf0 ./Core/Src/stm32f4xx_hal_msp.o
                0x08002678                HAL_ADC_MspInit
 .text.HAL_I2C_MspInit
                0x08002768       0x90 ./Core/Src/stm32f4xx_hal_msp.o
                0x08002768                HAL_I2C_MspInit
 .text.HAL_SPI_MspInit
                0x080027f8       0xd0 ./Core/Src/stm32f4xx_hal_msp.o
                0x080027f8                HAL_SPI_MspInit
 .text.HAL_TIM_Base_MspInit
                0x080028c8       0x7c ./Core/Src/stm32f4xx_hal_msp.o
                0x080028c8                HAL_TIM_Base_MspInit
 .text.HAL_TIM_MspPostInit
                0x08002944       0x74 ./Core/Src/stm32f4xx_hal_msp.o
                0x08002944                HAL_TIM_MspPostInit
 .text.HAL_UART_MspInit
                0x080029b8       0x90 ./Core/Src/stm32f4xx_hal_msp.o
                0x080029b8                HAL_UART_MspInit
 .text.SDTimer_Handler
                0x08002a48       0x48 ./Core/Src/stm32f4xx_it.o
                0x08002a48                SDTimer_Handler
 .text.NMI_Handler
                0x08002a90        0x8 ./Core/Src/stm32f4xx_it.o
                0x08002a90                NMI_Handler
 .text.HardFault_Handler
                0x08002a98        0x8 ./Core/Src/stm32f4xx_it.o
                0x08002a98                HardFault_Handler
 .text.MemManage_Handler
                0x08002aa0        0x8 ./Core/Src/stm32f4xx_it.o
                0x08002aa0                MemManage_Handler
 .text.BusFault_Handler
                0x08002aa8        0x8 ./Core/Src/stm32f4xx_it.o
                0x08002aa8                BusFault_Handler
 .text.UsageFault_Handler
                0x08002ab0        0x8 ./Core/Src/stm32f4xx_it.o
                0x08002ab0                UsageFault_Handler
 .text.SVC_Handler
                0x08002ab8        0xe ./Core/Src/stm32f4xx_it.o
                0x08002ab8                SVC_Handler
 .text.DebugMon_Handler
                0x08002ac6        0xe ./Core/Src/stm32f4xx_it.o
                0x08002ac6                DebugMon_Handler
 .text.PendSV_Handler
                0x08002ad4        0xe ./Core/Src/stm32f4xx_it.o
                0x08002ad4                PendSV_Handler
 *fill*         0x08002ae2        0x2 
 .text.SysTick_Handler
                0x08002ae4       0x34 ./Core/Src/stm32f4xx_it.o
                0x08002ae4                SysTick_Handler
 .text.TIM3_IRQHandler
                0x08002b18       0x14 ./Core/Src/stm32f4xx_it.o
                0x08002b18                TIM3_IRQHandler
 .text.EXTI15_10_IRQHandler
                0x08002b2c       0x10 ./Core/Src/stm32f4xx_it.o
                0x08002b2c                EXTI15_10_IRQHandler
 .text.DMA2_Stream0_IRQHandler
                0x08002b3c       0x14 ./Core/Src/stm32f4xx_it.o
                0x08002b3c                DMA2_Stream0_IRQHandler
 .text._sbrk    0x08002b50       0x6c ./Core/Src/sysmem.o
                0x08002b50                _sbrk
 .text.SystemInit
                0x08002bbc       0x24 ./Core/Src/system_stm32f4xx.o
                0x08002bbc                SystemInit
 .text.init_wav_header
                0x08002be0       0xb6 ./Core/Src/wav_helper.o
                0x08002be0                init_wav_header
 *fill*         0x08002c96        0x2 
 .text.create_new_wavfile
                0x08002c98      0x318 ./Core/Src/wav_helper.o
                0x08002c98                create_new_wavfile
 .text.update_wavfile
                0x08002fb0      0x292 ./Core/Src/wav_helper.o
                0x08002fb0                update_wavfile
 *fill*         0x08003242        0x2 
 .text.Reset_Handler
                0x08003244       0x50 ./Core/Startup/startup_stm32f411retx.o
                0x08003244                Reset_Handler
 .text.Default_Handler
                0x08003294        0x2 ./Core/Startup/startup_stm32f411retx.o
                0x08003294                RTC_Alarm_IRQHandler
                0x08003294                EXTI2_IRQHandler
                0x08003294                SPI4_IRQHandler
                0x08003294                TIM1_CC_IRQHandler
                0x08003294                DMA2_Stream5_IRQHandler
                0x08003294                DMA1_Stream5_IRQHandler
                0x08003294                PVD_IRQHandler
                0x08003294                SDIO_IRQHandler
                0x08003294                TAMP_STAMP_IRQHandler
                0x08003294                EXTI3_IRQHandler
                0x08003294                TIM1_UP_TIM10_IRQHandler
                0x08003294                I2C3_ER_IRQHandler
                0x08003294                EXTI0_IRQHandler
                0x08003294                I2C2_EV_IRQHandler
                0x08003294                DMA1_Stream2_IRQHandler
                0x08003294                FPU_IRQHandler
                0x08003294                DMA2_Stream2_IRQHandler
                0x08003294                SPI1_IRQHandler
                0x08003294                TIM1_BRK_TIM9_IRQHandler
                0x08003294                DMA2_Stream3_IRQHandler
                0x08003294                USART6_IRQHandler
                0x08003294                TIM4_IRQHandler
                0x08003294                I2C1_EV_IRQHandler
                0x08003294                DMA1_Stream6_IRQHandler
                0x08003294                DMA1_Stream1_IRQHandler
                0x08003294                RCC_IRQHandler
                0x08003294                Default_Handler
                0x08003294                ADC_IRQHandler
                0x08003294                DMA1_Stream7_IRQHandler
                0x08003294                SPI5_IRQHandler
                0x08003294                TIM5_IRQHandler
                0x08003294                DMA2_Stream7_IRQHandler
                0x08003294                I2C3_EV_IRQHandler
                0x08003294                EXTI9_5_IRQHandler
                0x08003294                RTC_WKUP_IRQHandler
                0x08003294                SPI2_IRQHandler
                0x08003294                DMA1_Stream0_IRQHandler
                0x08003294                EXTI4_IRQHandler
                0x08003294                WWDG_IRQHandler
                0x08003294                TIM2_IRQHandler
                0x08003294                OTG_FS_WKUP_IRQHandler
                0x08003294                TIM1_TRG_COM_TIM11_IRQHandler
                0x08003294                EXTI1_IRQHandler
                0x08003294                USART2_IRQHandler
                0x08003294                I2C2_ER_IRQHandler
                0x08003294                DMA2_Stream1_IRQHandler
                0x08003294                FLASH_IRQHandler
                0x08003294                DMA2_Stream4_IRQHandler
                0x08003294                USART1_IRQHandler
                0x08003294                OTG_FS_IRQHandler
                0x08003294                SPI3_IRQHandler
                0x08003294                DMA1_Stream4_IRQHandler
                0x08003294                I2C1_ER_IRQHandler
                0x08003294                DMA2_Stream6_IRQHandler
                0x08003294                DMA1_Stream3_IRQHandler
 *fill*         0x08003296        0x2 
 .text.HAL_Init
                0x08003298       0x44 ./Drivers/STM32F4xx_HAL_Driver/Src/stm32f4xx_hal.o
                0x08003298                HAL_Init
 .text.HAL_InitTick
                0x080032dc       0x60 ./Drivers/STM32F4xx_HAL_Driver/Src/stm32f4xx_hal.o
                0x080032dc                HAL_InitTick
 .text.HAL_IncTick
                0x0800333c       0x28 ./Drivers/STM32F4xx_HAL_Driver/Src/stm32f4xx_hal.o
                0x0800333c                HAL_IncTick
 .text.HAL_GetTick
                0x08003364       0x18 ./Drivers/STM32F4xx_HAL_Driver/Src/stm32f4xx_hal.o
                0x08003364                HAL_GetTick
 .text.HAL_Delay
                0x0800337c       0x48 ./Drivers/STM32F4xx_HAL_Driver/Src/stm32f4xx_hal.o
                0x0800337c                HAL_Delay
 .text.HAL_ADC_Init
                0x080033c4       0x86 ./Drivers/STM32F4xx_HAL_Driver/Src/stm32f4xx_hal_adc.o
                0x080033c4                HAL_ADC_Init
 *fill*         0x0800344a        0x2 
 .text.HAL_ADC_Start_DMA
                0x0800344c      0x1e0 ./Drivers/STM32F4xx_HAL_Driver/Src/stm32f4xx_hal_adc.o
                0x0800344c                HAL_ADC_Start_DMA
 .text.HAL_ADC_ErrorCallback
                0x0800362c       0x14 ./Drivers/STM32F4xx_HAL_Driver/Src/stm32f4xx_hal_adc.o
                0x0800362c                HAL_ADC_ErrorCallback
 .text.HAL_ADC_ConfigChannel
                0x08003640      0x264 ./Drivers/STM32F4xx_HAL_Driver/Src/stm32f4xx_hal_adc.o
                0x08003640                HAL_ADC_ConfigChannel
 .text.ADC_Init
                0x080038a4      0x1f8 ./Drivers/STM32F4xx_HAL_Driver/Src/stm32f4xx_hal_adc.o
 .text.ADC_DMAConvCplt
                0x08003a9c       0xba ./Drivers/STM32F4xx_HAL_Driver/Src/stm32f4xx_hal_adc.o
 .text.ADC_DMAHalfConvCplt
                0x08003b56       0x1c ./Drivers/STM32F4xx_HAL_Driver/Src/stm32f4xx_hal_adc.o
 .text.ADC_DMAError
                0x08003b72       0x2e ./Drivers/STM32F4xx_HAL_Driver/Src/stm32f4xx_hal_adc.o
 .text.__NVIC_SetPriorityGrouping
                0x08003ba0       0x48 ./Drivers/STM32F4xx_HAL_Driver/Src/stm32f4xx_hal_cortex.o
 .text.__NVIC_GetPriorityGrouping
                0x08003be8       0x1c ./Drivers/STM32F4xx_HAL_Driver/Src/stm32f4xx_hal_cortex.o
 .text.__NVIC_EnableIRQ
                0x08003c04       0x3c ./Drivers/STM32F4xx_HAL_Driver/Src/stm32f4xx_hal_cortex.o
 .text.__NVIC_SetPriority
                0x08003c40       0x54 ./Drivers/STM32F4xx_HAL_Driver/Src/stm32f4xx_hal_cortex.o
 .text.NVIC_EncodePriority
                0x08003c94       0x66 ./Drivers/STM32F4xx_HAL_Driver/Src/stm32f4xx_hal_cortex.o
 *fill*         0x08003cfa        0x2 
 .text.SysTick_Config
                0x08003cfc       0x44 ./Drivers/STM32F4xx_HAL_Driver/Src/stm32f4xx_hal_cortex.o
 .text.HAL_NVIC_SetPriorityGrouping
                0x08003d40       0x16 ./Drivers/STM32F4xx_HAL_Driver/Src/stm32f4xx_hal_cortex.o
                0x08003d40                HAL_NVIC_SetPriorityGrouping
 .text.HAL_NVIC_SetPriority
                0x08003d56       0x38 ./Drivers/STM32F4xx_HAL_Driver/Src/stm32f4xx_hal_cortex.o
                0x08003d56                HAL_NVIC_SetPriority
 .text.HAL_NVIC_EnableIRQ
                0x08003d8e       0x1c ./Drivers/STM32F4xx_HAL_Driver/Src/stm32f4xx_hal_cortex.o
                0x08003d8e                HAL_NVIC_EnableIRQ
 .text.HAL_SYSTICK_Config
                0x08003daa       0x18 ./Drivers/STM32F4xx_HAL_Driver/Src/stm32f4xx_hal_cortex.o
                0x08003daa                HAL_SYSTICK_Config
 *fill*         0x08003dc2        0x2 
 .text.HAL_DMA_Init
                0x08003dc4      0x15c ./Drivers/STM32F4xx_HAL_Driver/Src/stm32f4xx_hal_dma.o
                0x08003dc4                HAL_DMA_Init
 .text.HAL_DMA_Start_IT
                0x08003f20       0xb0 ./Drivers/STM32F4xx_HAL_Driver/Src/stm32f4xx_hal_dma.o
                0x08003f20                HAL_DMA_Start_IT
 .text.HAL_DMA_IRQHandler
                0x08003fd0      0x314 ./Drivers/STM32F4xx_HAL_Driver/Src/stm32f4xx_hal_dma.o
                0x08003fd0                HAL_DMA_IRQHandler
 .text.DMA_SetConfig
                0x080042e4       0x5c ./Drivers/STM32F4xx_HAL_Driver/Src/stm32f4xx_hal_dma.o
 .text.DMA_CalcBaseAndBitshift
                0x08004340       0x6c ./Drivers/STM32F4xx_HAL_Driver/Src/stm32f4xx_hal_dma.o
 .text.DMA_CheckFifoParam
                0x080043ac       0xf8 ./Drivers/STM32F4xx_HAL_Driver/Src/stm32f4xx_hal_dma.o
 .text.HAL_GPIO_Init
                0x080044a4      0x308 ./Drivers/STM32F4xx_HAL_Driver/Src/stm32f4xx_hal_gpio.o
                0x080044a4                HAL_GPIO_Init
 .text.HAL_GPIO_WritePin
                0x080047ac       0x32 ./Drivers/STM32F4xx_HAL_Driver/Src/stm32f4xx_hal_gpio.o
                0x080047ac                HAL_GPIO_WritePin
 *fill*         0x080047de        0x2 
 .text.HAL_GPIO_EXTI_IRQHandler
                0x080047e0       0x30 ./Drivers/STM32F4xx_HAL_Driver/Src/stm32f4xx_hal_gpio.o
                0x080047e0                HAL_GPIO_EXTI_IRQHandler
 .text.HAL_I2C_Init
                0x08004810      0x288 ./Drivers/STM32F4xx_HAL_Driver/Src/stm32f4xx_hal_i2c.o
                0x08004810                HAL_I2C_Init
 .text.HAL_I2C_Master_Transmit
                0x08004a98      0x1fc ./Drivers/STM32F4xx_HAL_Driver/Src/stm32f4xx_hal_i2c.o
                0x08004a98                HAL_I2C_Master_Transmit
 .text.HAL_I2C_IsDeviceReady
                0x08004c94      0x25c ./Drivers/STM32F4xx_HAL_Driver/Src/stm32f4xx_hal_i2c.o
                0x08004c94                HAL_I2C_IsDeviceReady
 .text.I2C_MasterRequestWrite
                0x08004ef0      0x104 ./Drivers/STM32F4xx_HAL_Driver/Src/stm32f4xx_hal_i2c.o
 .text.I2C_WaitOnFlagUntilTimeout
                0x08004ff4       0xf4 ./Drivers/STM32F4xx_HAL_Driver/Src/stm32f4xx_hal_i2c.o
 .text.I2C_WaitOnMasterAddressFlagUntilTimeout
                0x080050e8      0x140 ./Drivers/STM32F4xx_HAL_Driver/Src/stm32f4xx_hal_i2c.o
 .text.I2C_WaitOnTXEFlagUntilTimeout
                0x08005228       0x90 ./Drivers/STM32F4xx_HAL_Driver/Src/stm32f4xx_hal_i2c.o
 .text.I2C_WaitOnBTFFlagUntilTimeout
                0x080052b8       0x90 ./Drivers/STM32F4xx_HAL_Driver/Src/stm32f4xx_hal_i2c.o
 .text.I2C_IsAcknowledgeFailed
                0x08005348       0x5e ./Drivers/STM32F4xx_HAL_Driver/Src/stm32f4xx_hal_i2c.o
 *fill*         0x080053a6        0x2 
 .text.HAL_RCC_OscConfig
                0x080053a8      0x4f0 ./Drivers/STM32F4xx_HAL_Driver/Src/stm32f4xx_hal_rcc.o
                0x080053a8                HAL_RCC_OscConfig
 .text.HAL_RCC_ClockConfig
                0x08005898      0x1cc ./Drivers/STM32F4xx_HAL_Driver/Src/stm32f4xx_hal_rcc.o
                0x08005898                HAL_RCC_ClockConfig
 .text.HAL_RCC_GetSysClockFreq
                0x08005a64      0x20c ./Drivers/STM32F4xx_HAL_Driver/Src/stm32f4xx_hal_rcc.o
                0x08005a64                HAL_RCC_GetSysClockFreq
 .text.HAL_RCC_GetHCLKFreq
                0x08005c70       0x18 ./Drivers/STM32F4xx_HAL_Driver/Src/stm32f4xx_hal_rcc.o
                0x08005c70                HAL_RCC_GetHCLKFreq
 .text.HAL_RCC_GetPCLK1Freq
                0x08005c88       0x28 ./Drivers/STM32F4xx_HAL_Driver/Src/stm32f4xx_hal_rcc.o
                0x08005c88                HAL_RCC_GetPCLK1Freq
 .text.HAL_RCC_GetPCLK2Freq
                0x08005cb0       0x28 ./Drivers/STM32F4xx_HAL_Driver/Src/stm32f4xx_hal_rcc.o
                0x08005cb0                HAL_RCC_GetPCLK2Freq
 .text.HAL_SPI_Init
                0x08005cd8      0x112 ./Drivers/STM32F4xx_HAL_Driver/Src/stm32f4xx_hal_spi.o
                0x08005cd8                HAL_SPI_Init
 .text.HAL_SPI_Transmit
                0x08005dea      0x286 ./Drivers/STM32F4xx_HAL_Driver/Src/stm32f4xx_hal_spi.o
                0x08005dea                HAL_SPI_Transmit
 .text.HAL_SPI_TransmitReceive
                0x08006070      0x360 ./Drivers/STM32F4xx_HAL_Driver/Src/stm32f4xx_hal_spi.o
                0x08006070                HAL_SPI_TransmitReceive
 .text.HAL_SPI_GetState
                0x080063d0       0x1c ./Drivers/STM32F4xx_HAL_Driver/Src/stm32f4xx_hal_spi.o
                0x080063d0                HAL_SPI_GetState
 .text.SPI_WaitFlagStateUntilTimeout
                0x080063ec      0x110 ./Drivers/STM32F4xx_HAL_Driver/Src/stm32f4xx_hal_spi.o
 .text.SPI_EndRxTxTransaction
                0x080064fc       0xa8 ./Drivers/STM32F4xx_HAL_Driver/Src/stm32f4xx_hal_spi.o
 .text.HAL_TIM_Base_Init
                0x080065a4       0x9e ./Drivers/STM32F4xx_HAL_Driver/Src/stm32f4xx_hal_tim.o
                0x080065a4                HAL_TIM_Base_Init
 *fill*         0x08006642        0x2 
 .text.HAL_TIM_Base_Start_IT
                0x08006644       0xc4 ./Drivers/STM32F4xx_HAL_Driver/Src/stm32f4xx_hal_tim.o
                0x08006644                HAL_TIM_Base_Start_IT
 .text.HAL_TIM_PWM_Init
                0x08006708       0x9e ./Drivers/STM32F4xx_HAL_Driver/Src/stm32f4xx_hal_tim.o
                0x08006708                HAL_TIM_PWM_Init
 .text.HAL_TIM_PWM_MspInit
                0x080067a6       0x14 ./Drivers/STM32F4xx_HAL_Driver/Src/stm32f4xx_hal_tim.o
                0x080067a6                HAL_TIM_PWM_MspInit
 .text.HAL_TIM_IRQHandler
                0x080067ba      0x1e0 ./Drivers/STM32F4xx_HAL_Driver/Src/stm32f4xx_hal_tim.o
                0x080067ba                HAL_TIM_IRQHandler
 *fill*         0x0800699a        0x2 
 .text.HAL_TIM_PWM_ConfigChannel
                0x0800699c      0x184 ./Drivers/STM32F4xx_HAL_Driver/Src/stm32f4xx_hal_tim.o
                0x0800699c                HAL_TIM_PWM_ConfigChannel
 .text.HAL_TIM_ConfigClockSource
                0x08006b20      0x18e ./Drivers/STM32F4xx_HAL_Driver/Src/stm32f4xx_hal_tim.o
                0x08006b20                HAL_TIM_ConfigClockSource
 .text.HAL_TIM_OC_DelayElapsedCallback
                0x08006cae       0x14 ./Drivers/STM32F4xx_HAL_Driver/Src/stm32f4xx_hal_tim.o
                0x08006cae                HAL_TIM_OC_DelayElapsedCallback
 .text.HAL_TIM_IC_CaptureCallback
                0x08006cc2       0x14 ./Drivers/STM32F4xx_HAL_Driver/Src/stm32f4xx_hal_tim.o
                0x08006cc2                HAL_TIM_IC_CaptureCallback
 .text.HAL_TIM_PWM_PulseFinishedCallback
                0x08006cd6       0x14 ./Drivers/STM32F4xx_HAL_Driver/Src/stm32f4xx_hal_tim.o
                0x08006cd6                HAL_TIM_PWM_PulseFinishedCallback
 .text.HAL_TIM_TriggerCallback
                0x08006cea       0x14 ./Drivers/STM32F4xx_HAL_Driver/Src/stm32f4xx_hal_tim.o
                0x08006cea                HAL_TIM_TriggerCallback
 *fill*         0x08006cfe        0x2 
 .text.TIM_Base_SetConfig
                0x08006d00      0x118 ./Drivers/STM32F4xx_HAL_Driver/Src/stm32f4xx_hal_tim.o
                0x08006d00                TIM_Base_SetConfig
 .text.TIM_OC1_SetConfig
                0x08006e18       0xcc ./Drivers/STM32F4xx_HAL_Driver/Src/stm32f4xx_hal_tim.o
 .text.TIM_OC2_SetConfig
                0x08006ee4       0xd8 ./Drivers/STM32F4xx_HAL_Driver/Src/stm32f4xx_hal_tim.o
                0x08006ee4                TIM_OC2_SetConfig
 .text.TIM_OC3_SetConfig
                0x08006fbc       0xd4 ./Drivers/STM32F4xx_HAL_Driver/Src/stm32f4xx_hal_tim.o
 .text.TIM_OC4_SetConfig
                0x08007090       0xa0 ./Drivers/STM32F4xx_HAL_Driver/Src/stm32f4xx_hal_tim.o
 .text.TIM_TI1_ConfigInputStage
                0x08007130       0x5e ./Drivers/STM32F4xx_HAL_Driver/Src/stm32f4xx_hal_tim.o
 .text.TIM_TI2_ConfigInputStage
                0x0800718e       0x60 ./Drivers/STM32F4xx_HAL_Driver/Src/stm32f4xx_hal_tim.o
 .text.TIM_ITRx_SetConfig
                0x080071ee       0x36 ./Drivers/STM32F4xx_HAL_Driver/Src/stm32f4xx_hal_tim.o
 .text.TIM_ETR_SetConfig
                0x08007224       0x40 ./Drivers/STM32F4xx_HAL_Driver/Src/stm32f4xx_hal_tim.o
                0x08007224                TIM_ETR_SetConfig
 .text.HAL_TIMEx_MasterConfigSynchronization
                0x08007264       0xdc ./Drivers/STM32F4xx_HAL_Driver/Src/stm32f4xx_hal_tim_ex.o
                0x08007264                HAL_TIMEx_MasterConfigSynchronization
 .text.HAL_TIMEx_CommutCallback
                0x08007340       0x14 ./Drivers/STM32F4xx_HAL_Driver/Src/stm32f4xx_hal_tim_ex.o
                0x08007340                HAL_TIMEx_CommutCallback
 .text.HAL_TIMEx_BreakCallback
                0x08007354       0x14 ./Drivers/STM32F4xx_HAL_Driver/Src/stm32f4xx_hal_tim_ex.o
                0x08007354                HAL_TIMEx_BreakCallback
 .text.HAL_UART_Init
                0x08007368       0xa0 ./Drivers/STM32F4xx_HAL_Driver/Src/stm32f4xx_hal_uart.o
                0x08007368                HAL_UART_Init
 .text.HAL_UART_Transmit
                0x08007408      0x116 ./Drivers/STM32F4xx_HAL_Driver/Src/stm32f4xx_hal_uart.o
                0x08007408                HAL_UART_Transmit
 .text.UART_WaitOnFlagUntilTimeout
                0x0800751e       0xb2 ./Drivers/STM32F4xx_HAL_Driver/Src/stm32f4xx_hal_uart.o
 .text.UART_EndRxTransfer
                0x080075d0       0xc6 ./Drivers/STM32F4xx_HAL_Driver/Src/stm32f4xx_hal_uart.o
 *fill*         0x08007696        0x2 
 .text.UART_SetConfig
                0x08007698      0x4e8 ./Drivers/STM32F4xx_HAL_Driver/Src/stm32f4xx_hal_uart.o
 .text.MX_FATFS_Init
                0x08007b80       0x24 ./FATFS/App/fatfs.o
                0x08007b80                MX_FATFS_Init
 .text.get_fattime
                0x08007ba4       0x10 ./FATFS/App/fatfs.o
                0x08007ba4                get_fattime
 .text.USER_initialize
                0x08007bb4       0x1c ./FATFS/Target/user_diskio.o
                0x08007bb4                USER_initialize
 .text.USER_status
                0x08007bd0       0x1c ./FATFS/Target/user_diskio.o
                0x08007bd0                USER_status
 .text.USER_read
                0x08007bec       0x26 ./FATFS/Target/user_diskio.o
                0x08007bec                USER_read
 .text.USER_write
                0x08007c12       0x26 ./FATFS/Target/user_diskio.o
                0x08007c12                USER_write
 .text.USER_ioctl
                0x08007c38       0x26 ./FATFS/Target/user_diskio.o
                0x08007c38                USER_ioctl
 *fill*         0x08007c5e        0x2 
 .text.disk_status
                0x08007c60       0x34 ./Middlewares/Third_Party/FatFs/src/diskio.o
                0x08007c60                disk_status
 .text.disk_initialize
                0x08007c94       0x50 ./Middlewares/Third_Party/FatFs/src/diskio.o
                0x08007c94                disk_initialize
 .text.disk_read
                0x08007ce4       0x40 ./Middlewares/Third_Party/FatFs/src/diskio.o
                0x08007ce4                disk_read
 .text.disk_write
                0x08007d24       0x40 ./Middlewares/Third_Party/FatFs/src/diskio.o
                0x08007d24                disk_write
 .text.disk_ioctl
                0x08007d64       0x3c ./Middlewares/Third_Party/FatFs/src/diskio.o
                0x08007d64                disk_ioctl
 .text.ld_word  0x08007da0       0x30 ./Middlewares/Third_Party/FatFs/src/ff.o
 .text.ld_dword
                0x08007dd0       0x46 ./Middlewares/Third_Party/FatFs/src/ff.o
 .text.st_word  0x08007e16       0x36 ./Middlewares/Third_Party/FatFs/src/ff.o
 .text.st_dword
                0x08007e4c       0x58 ./Middlewares/Third_Party/FatFs/src/ff.o
 .text.mem_cpy  0x08007ea4       0x42 ./Middlewares/Third_Party/FatFs/src/ff.o
 .text.mem_set  0x08007ee6       0x36 ./Middlewares/Third_Party/FatFs/src/ff.o
 .text.mem_cmp  0x08007f1c       0x4e ./Middlewares/Third_Party/FatFs/src/ff.o
 .text.chk_chr  0x08007f6a       0x36 ./Middlewares/Third_Party/FatFs/src/ff.o
 .text.chk_lock
                0x08007fa0       0xb8 ./Middlewares/Third_Party/FatFs/src/ff.o
 .text.enq_lock
                0x08008058       0x44 ./Middlewares/Third_Party/FatFs/src/ff.o
 .text.inc_lock
                0x0800809c      0x11c ./Middlewares/Third_Party/FatFs/src/ff.o
 .text.dec_lock
                0x080081b8       0x78 ./Middlewares/Third_Party/FatFs/src/ff.o
 .text.clear_lock
                0x08008230       0x48 ./Middlewares/Third_Party/FatFs/src/ff.o
 .text.sync_window
                0x08008278       0x88 ./Middlewares/Third_Party/FatFs/src/ff.o
 .text.move_window
                0x08008300       0x5a ./Middlewares/Third_Party/FatFs/src/ff.o
 *fill*         0x0800835a        0x2 
 .text.sync_fs  0x0800835c       0xe0 ./Middlewares/Third_Party/FatFs/src/ff.o
 .text.clust2sect
                0x0800843c       0x3e ./Middlewares/Third_Party/FatFs/src/ff.o
 .text.get_fat  0x0800847a      0x1a6 ./Middlewares/Third_Party/FatFs/src/ff.o
 .text.put_fat  0x08008620      0x234 ./Middlewares/Third_Party/FatFs/src/ff.o
 .text.remove_chain
                0x08008854       0xca ./Middlewares/Third_Party/FatFs/src/ff.o
 .text.create_chain
                0x0800891e      0x130 ./Middlewares/Third_Party/FatFs/src/ff.o
 .text.clmt_clust
                0x08008a4e       0x70 ./Middlewares/Third_Party/FatFs/src/ff.o
 .text.dir_sdi  0x08008abe      0x112 ./Middlewares/Third_Party/FatFs/src/ff.o
 .text.dir_next
                0x08008bd0      0x1ac ./Middlewares/Third_Party/FatFs/src/ff.o
 .text.dir_alloc
                0x08008d7c       0x8e ./Middlewares/Third_Party/FatFs/src/ff.o
 .text.ld_clust
                0x08008e0a       0x3e ./Middlewares/Third_Party/FatFs/src/ff.o
 .text.st_clust
                0x08008e48       0x40 ./Middlewares/Third_Party/FatFs/src/ff.o
 .text.cmp_lfn  0x08008e88       0xe0 ./Middlewares/Third_Party/FatFs/src/ff.o
 .text.put_lfn  0x08008f68       0xd0 ./Middlewares/Third_Party/FatFs/src/ff.o
 .text.gen_numname
                0x08009038      0x11c ./Middlewares/Third_Party/FatFs/src/ff.o
 .text.sum_sfn  0x08009154       0x42 ./Middlewares/Third_Party/FatFs/src/ff.o
 .text.dir_find
                0x08009196      0x180 ./Middlewares/Third_Party/FatFs/src/ff.o
 *fill*         0x08009316        0x2 
 .text.dir_register
                0x08009318      0x1f0 ./Middlewares/Third_Party/FatFs/src/ff.o
 .text.get_fileinfo
                0x08009508      0x1bc ./Middlewares/Third_Party/FatFs/src/ff.o
 .text.create_name
                0x080096c4      0x370 ./Middlewares/Third_Party/FatFs/src/ff.o
 .text.follow_path
                0x08009a34       0xec ./Middlewares/Third_Party/FatFs/src/ff.o
 .text.get_ldnumber
                0x08009b20       0x88 ./Middlewares/Third_Party/FatFs/src/ff.o
 .text.check_fs
                0x08009ba8       0xac ./Middlewares/Third_Party/FatFs/src/ff.o
 .text.find_volume
                0x08009c54      0x50c ./Middlewares/Third_Party/FatFs/src/ff.o
 .text.validate
                0x0800a160       0x6a ./Middlewares/Third_Party/FatFs/src/ff.o
 *fill*         0x0800a1ca        0x2 
 .text.f_mount  0x0800a1cc       0x8c ./Middlewares/Third_Party/FatFs/src/ff.o
                0x0800a1cc                f_mount
 .text.f_open   0x0800a258      0x390 ./Middlewares/Third_Party/FatFs/src/ff.o
                0x0800a258                f_open
 .text.f_write  0x0800a5e8      0x328 ./Middlewares/Third_Party/FatFs/src/ff.o
                0x0800a5e8                f_write
 .text.f_sync   0x0800a910       0xfc ./Middlewares/Third_Party/FatFs/src/ff.o
                0x0800a910                f_sync
 .text.f_close  0x0800aa0c       0x54 ./Middlewares/Third_Party/FatFs/src/ff.o
                0x0800aa0c                f_close
 .text.f_lseek  0x0800aa60      0x448 ./Middlewares/Third_Party/FatFs/src/ff.o
                0x0800aa60                f_lseek
 .text.f_stat   0x0800aea8       0x72 ./Middlewares/Third_Party/FatFs/src/ff.o
                0x0800aea8                f_stat
 .text.f_getfree
                0x0800af1a      0x16a ./Middlewares/Third_Party/FatFs/src/ff.o
                0x0800af1a                f_getfree
 .text.FATFS_LinkDriverEx
                0x0800b084       0x98 ./Middlewares/Third_Party/FatFs/src/ff_gen_drv.o
                0x0800b084                FATFS_LinkDriverEx
 .text.FATFS_LinkDriver
                0x0800b11c       0x1e ./Middlewares/Third_Party/FatFs/src/ff_gen_drv.o
                0x0800b11c                FATFS_LinkDriver
 *fill*         0x0800b13a        0x2 
 .text.ff_convert
                0x0800b13c       0x78 ./Middlewares/Third_Party/FatFs/src/option/ccsbcs.o
                0x0800b13c                ff_convert
 .text.ff_wtoupper
                0x0800b1b4      0x114 ./Middlewares/Third_Party/FatFs/src/option/ccsbcs.o
                0x0800b1b4                ff_wtoupper
 .text.arm_rfft_32_fast_init_f32
                0x0800b2c8       0x34 C:\Users\aedan\OneDrive\Documents\Cproject4213\test_Sd_read\Drivers\CMSIS\DSP_Drivers\Lib\GCC\libarm_cortexM4lf_math.a(arm_rfft_fast_init_f32.o)
                0x0800b2c8                arm_rfft_32_fast_init_f32
 .text.arm_rfft_64_fast_init_f32
                0x0800b2fc       0x34 C:\Users\aedan\OneDrive\Documents\Cproject4213\test_Sd_read\Drivers\CMSIS\DSP_Drivers\Lib\GCC\libarm_cortexM4lf_math.a(arm_rfft_fast_init_f32.o)
                0x0800b2fc                arm_rfft_64_fast_init_f32
 .text.arm_rfft_256_fast_init_f32
                0x0800b330       0x38 C:\Users\aedan\OneDrive\Documents\Cproject4213\test_Sd_read\Drivers\CMSIS\DSP_Drivers\Lib\GCC\libarm_cortexM4lf_math.a(arm_rfft_fast_init_f32.o)
                0x0800b330                arm_rfft_256_fast_init_f32
 .text.arm_rfft_512_fast_init_f32
                0x0800b368       0x3c C:\Users\aedan\OneDrive\Documents\Cproject4213\test_Sd_read\Drivers\CMSIS\DSP_Drivers\Lib\GCC\libarm_cortexM4lf_math.a(arm_rfft_fast_init_f32.o)
                0x0800b368                arm_rfft_512_fast_init_f32
 .text.arm_rfft_1024_fast_init_f32
                0x0800b3a4       0x3c C:\Users\aedan\OneDrive\Documents\Cproject4213\test_Sd_read\Drivers\CMSIS\DSP_Drivers\Lib\GCC\libarm_cortexM4lf_math.a(arm_rfft_fast_init_f32.o)
                0x0800b3a4                arm_rfft_1024_fast_init_f32
 .text.arm_rfft_2048_fast_init_f32
                0x0800b3e0       0x3c C:\Users\aedan\OneDrive\Documents\Cproject4213\test_Sd_read\Drivers\CMSIS\DSP_Drivers\Lib\GCC\libarm_cortexM4lf_math.a(arm_rfft_fast_init_f32.o)
                0x0800b3e0                arm_rfft_2048_fast_init_f32
 .text.arm_rfft_4096_fast_init_f32
                0x0800b41c       0x3c C:\Users\aedan\OneDrive\Documents\Cproject4213\test_Sd_read\Drivers\CMSIS\DSP_Drivers\Lib\GCC\libarm_cortexM4lf_math.a(arm_rfft_fast_init_f32.o)
                0x0800b41c                arm_rfft_4096_fast_init_f32
 .text.arm_rfft_fast_init_f32
                0x0800b458       0x68 C:\Users\aedan\OneDrive\Documents\Cproject4213\test_Sd_read\Drivers\CMSIS\DSP_Drivers\Lib\GCC\libarm_cortexM4lf_math.a(arm_rfft_fast_init_f32.o)
                0x0800b458                arm_rfft_fast_init_f32
 .text.stage_rfft_f32
                0x0800b4c0       0xb4 C:\Users\aedan\OneDrive\Documents\Cproject4213\test_Sd_read\Drivers\CMSIS\DSP_Drivers\Lib\GCC\libarm_cortexM4lf_math.a(arm_rfft_fast_f32.o)
                0x0800b4c0                stage_rfft_f32
 .text.merge_rfft_f32
                0x0800b574       0xac C:\Users\aedan\OneDrive\Documents\Cproject4213\test_Sd_read\Drivers\CMSIS\DSP_Drivers\Lib\GCC\libarm_cortexM4lf_math.a(arm_rfft_fast_f32.o)
                0x0800b574                merge_rfft_f32
 .text.arm_rfft_fast_f32
                0x0800b620       0x40 C:\Users\aedan\OneDrive\Documents\Cproject4213\test_Sd_read\Drivers\CMSIS\DSP_Drivers\Lib\GCC\libarm_cortexM4lf_math.a(arm_rfft_fast_f32.o)
                0x0800b620                arm_rfft_fast_f32
 .text.arm_cfft_radix8by2_f32
                0x0800b660      0x1a0 C:\Users\aedan\OneDrive\Documents\Cproject4213\test_Sd_read\Drivers\CMSIS\DSP_Drivers\Lib\GCC\libarm_cortexM4lf_math.a(arm_cfft_f32.o)
                0x0800b660                arm_cfft_radix8by2_f32
 .text.arm_cfft_radix8by4_f32
                0x0800b800      0x4ac C:\Users\aedan\OneDrive\Documents\Cproject4213\test_Sd_read\Drivers\CMSIS\DSP_Drivers\Lib\GCC\libarm_cortexM4lf_math.a(arm_cfft_f32.o)
                0x0800b800                arm_cfft_radix8by4_f32
 .text.arm_cfft_f32
                0x0800bcac       0xf0 C:\Users\aedan\OneDrive\Documents\Cproject4213\test_Sd_read\Drivers\CMSIS\DSP_Drivers\Lib\GCC\libarm_cortexM4lf_math.a(arm_cfft_f32.o)
                0x0800bcac                arm_cfft_f32
 .text.arm_bitreversal_32
                0x0800bd9c       0x40 C:\Users\aedan\OneDrive\Documents\Cproject4213\test_Sd_read\Drivers\CMSIS\DSP_Drivers\Lib\GCC\libarm_cortexM4lf_math.a(arm_bitreversal2.o)
                0x0800bd9c                arm_bitreversal_32
 .text.arm_fir_init_f32
                0x0800bddc       0x20 C:\Users\aedan\OneDrive\Documents\Cproject4213\test_Sd_read\Drivers\CMSIS\DSP_Drivers\Lib\GCC\libarm_cortexM4lf_math.a(arm_fir_init_f32.o)
                0x0800bddc                arm_fir_init_f32
 .text.arm_fir_f32
                0x0800bdfc      0x500 C:\Users\aedan\OneDrive\Documents\Cproject4213\test_Sd_read\Drivers\CMSIS\DSP_Drivers\Lib\GCC\libarm_cortexM4lf_math.a(arm_fir_f32.o)
                0x0800bdfc                arm_fir_f32
 .text.arm_radix8_butterfly_f32
                0x0800c2fc      0x580 C:\Users\aedan\OneDrive\Documents\Cproject4213\test_Sd_read\Drivers\CMSIS\DSP_Drivers\Lib\GCC\libarm_cortexM4lf_math.a(arm_cfft_radix8_f32.o)
                0x0800c2fc                arm_radix8_butterfly_f32
 .text.sprintf  0x0800c87c       0x40 C:/ST/STM32CubeIDE_1.15.0/STM32CubeIDE/plugins/com.st.stm32cube.ide.mcu.externaltools.gnu-tools-for-stm32.12.3.rel1.win32_1.0.100.202403111256/tools/bin/../lib/gcc/arm-none-eabi/12.3.1/../../../../arm-none-eabi/lib/thumb/v7e-m+fp/hard\libc_nano.a(libc_a-sprintf.o)
                0x0800c87c                siprintf
                0x0800c87c                sprintf
 .text.memset   0x0800c8bc       0x10 C:/ST/STM32CubeIDE_1.15.0/STM32CubeIDE/plugins/com.st.stm32cube.ide.mcu.externaltools.gnu-tools-for-stm32.12.3.rel1.win32_1.0.100.202403111256/tools/bin/../lib/gcc/arm-none-eabi/12.3.1/../../../../arm-none-eabi/lib/thumb/v7e-m+fp/hard\libc_nano.a(libc_a-memset.o)
                0x0800c8bc                memset
 .text.__errno  0x0800c8cc        0xc C:/ST/STM32CubeIDE_1.15.0/STM32CubeIDE/plugins/com.st.stm32cube.ide.mcu.externaltools.gnu-tools-for-stm32.12.3.rel1.win32_1.0.100.202403111256/tools/bin/../lib/gcc/arm-none-eabi/12.3.1/../../../../arm-none-eabi/lib/thumb/v7e-m+fp/hard\libc_nano.a(libc_a-errno.o)
                0x0800c8cc                __errno
 .text.__libc_init_array
                0x0800c8d8       0x48 C:/ST/STM32CubeIDE_1.15.0/STM32CubeIDE/plugins/com.st.stm32cube.ide.mcu.externaltools.gnu-tools-for-stm32.12.3.rel1.win32_1.0.100.202403111256/tools/bin/../lib/gcc/arm-none-eabi/12.3.1/../../../../arm-none-eabi/lib/thumb/v7e-m+fp/hard\libc_nano.a(libc_a-init.o)
                0x0800c8d8                __libc_init_array
 .text.__retarget_lock_acquire_recursive
                0x0800c920        0x2 C:/ST/STM32CubeIDE_1.15.0/STM32CubeIDE/plugins/com.st.stm32cube.ide.mcu.externaltools.gnu-tools-for-stm32.12.3.rel1.win32_1.0.100.202403111256/tools/bin/../lib/gcc/arm-none-eabi/12.3.1/../../../../arm-none-eabi/lib/thumb/v7e-m+fp/hard\libc_nano.a(libc_a-lock.o)
                0x0800c920                __retarget_lock_acquire_recursive
 .text.__retarget_lock_release_recursive
                0x0800c922        0x2 C:/ST/STM32CubeIDE_1.15.0/STM32CubeIDE/plugins/com.st.stm32cube.ide.mcu.externaltools.gnu-tools-for-stm32.12.3.rel1.win32_1.0.100.202403111256/tools/bin/../lib/gcc/arm-none-eabi/12.3.1/../../../../arm-none-eabi/lib/thumb/v7e-m+fp/hard\libc_nano.a(libc_a-lock.o)
                0x0800c922                __retarget_lock_release_recursive
 .text._free_r  0x0800c924       0x94 C:/ST/STM32CubeIDE_1.15.0/STM32CubeIDE/plugins/com.st.stm32cube.ide.mcu.externaltools.gnu-tools-for-stm32.12.3.rel1.win32_1.0.100.202403111256/tools/bin/../lib/gcc/arm-none-eabi/12.3.1/../../../../arm-none-eabi/lib/thumb/v7e-m+fp/hard\libc_nano.a(libc_a-freer.o)
                0x0800c924                _free_r
 .text.sbrk_aligned
                0x0800c9b8       0x44 C:/ST/STM32CubeIDE_1.15.0/STM32CubeIDE/plugins/com.st.stm32cube.ide.mcu.externaltools.gnu-tools-for-stm32.12.3.rel1.win32_1.0.100.202403111256/tools/bin/../lib/gcc/arm-none-eabi/12.3.1/../../../../arm-none-eabi/lib/thumb/v7e-m+fp/hard\libc_nano.a(libc_a-mallocr.o)
 .text._malloc_r
                0x0800c9fc      0x100 C:/ST/STM32CubeIDE_1.15.0/STM32CubeIDE/plugins/com.st.stm32cube.ide.mcu.externaltools.gnu-tools-for-stm32.12.3.rel1.win32_1.0.100.202403111256/tools/bin/../lib/gcc/arm-none-eabi/12.3.1/../../../../arm-none-eabi/lib/thumb/v7e-m+fp/hard\libc_nano.a(libc_a-mallocr.o)
                0x0800c9fc                _malloc_r
 .text.__malloc_lock
                0x0800cafc        0xc C:/ST/STM32CubeIDE_1.15.0/STM32CubeIDE/plugins/com.st.stm32cube.ide.mcu.externaltools.gnu-tools-for-stm32.12.3.rel1.win32_1.0.100.202403111256/tools/bin/../lib/gcc/arm-none-eabi/12.3.1/../../../../arm-none-eabi/lib/thumb/v7e-m+fp/hard\libc_nano.a(libc_a-mlock.o)
                0x0800cafc                __malloc_lock
 .text.__malloc_unlock
                0x0800cb08        0xc C:/ST/STM32CubeIDE_1.15.0/STM32CubeIDE/plugins/com.st.stm32cube.ide.mcu.externaltools.gnu-tools-for-stm32.12.3.rel1.win32_1.0.100.202403111256/tools/bin/../lib/gcc/arm-none-eabi/12.3.1/../../../../arm-none-eabi/lib/thumb/v7e-m+fp/hard\libc_nano.a(libc_a-mlock.o)
                0x0800cb08                __malloc_unlock
 .text.__ssputs_r
                0x0800cb14       0xb6 C:/ST/STM32CubeIDE_1.15.0/STM32CubeIDE/plugins/com.st.stm32cube.ide.mcu.externaltools.gnu-tools-for-stm32.12.3.rel1.win32_1.0.100.202403111256/tools/bin/../lib/gcc/arm-none-eabi/12.3.1/../../../../arm-none-eabi/lib/thumb/v7e-m+fp/hard\libc_nano.a(libc_a-nano-svfprintf.o)
                0x0800cb14                __ssputs_r
 *fill*         0x0800cbca        0x2 
 .text._svfprintf_r
                0x0800cbcc      0x1f8 C:/ST/STM32CubeIDE_1.15.0/STM32CubeIDE/plugins/com.st.stm32cube.ide.mcu.externaltools.gnu-tools-for-stm32.12.3.rel1.win32_1.0.100.202403111256/tools/bin/../lib/gcc/arm-none-eabi/12.3.1/../../../../arm-none-eabi/lib/thumb/v7e-m+fp/hard\libc_nano.a(libc_a-nano-svfprintf.o)
                0x0800cbcc                _svfiprintf_r
                0x0800cbcc                _svfprintf_r
 .text._printf_common
                0x0800cdc4       0xda C:/ST/STM32CubeIDE_1.15.0/STM32CubeIDE/plugins/com.st.stm32cube.ide.mcu.externaltools.gnu-tools-for-stm32.12.3.rel1.win32_1.0.100.202403111256/tools/bin/../lib/gcc/arm-none-eabi/12.3.1/../../../../arm-none-eabi/lib/thumb/v7e-m+fp/hard\libc_nano.a(libc_a-nano-vfprintf_i.o)
                0x0800cdc4                _printf_common
 *fill*         0x0800ce9e        0x2 
 .text._printf_i
                0x0800cea0      0x240 C:/ST/STM32CubeIDE_1.15.0/STM32CubeIDE/plugins/com.st.stm32cube.ide.mcu.externaltools.gnu-tools-for-stm32.12.3.rel1.win32_1.0.100.202403111256/tools/bin/../lib/gcc/arm-none-eabi/12.3.1/../../../../arm-none-eabi/lib/thumb/v7e-m+fp/hard\libc_nano.a(libc_a-nano-vfprintf_i.o)
                0x0800cea0                _printf_i
 .text.memmove  0x0800d0e0       0x34 C:/ST/STM32CubeIDE_1.15.0/STM32CubeIDE/plugins/com.st.stm32cube.ide.mcu.externaltools.gnu-tools-for-stm32.12.3.rel1.win32_1.0.100.202403111256/tools/bin/../lib/gcc/arm-none-eabi/12.3.1/../../../../arm-none-eabi/lib/thumb/v7e-m+fp/hard\libc_nano.a(libc_a-memmove.o)
                0x0800d0e0                memmove
 .text._sbrk_r  0x0800d114       0x20 C:/ST/STM32CubeIDE_1.15.0/STM32CubeIDE/plugins/com.st.stm32cube.ide.mcu.externaltools.gnu-tools-for-stm32.12.3.rel1.win32_1.0.100.202403111256/tools/bin/../lib/gcc/arm-none-eabi/12.3.1/../../../../arm-none-eabi/lib/thumb/v7e-m+fp/hard\libc_nano.a(libc_a-sbrkr.o)
                0x0800d114                _sbrk_r
 .text.memcpy   0x0800d134       0x1c C:/ST/STM32CubeIDE_1.15.0/STM32CubeIDE/plugins/com.st.stm32cube.ide.mcu.externaltools.gnu-tools-for-stm32.12.3.rel1.win32_1.0.100.202403111256/tools/bin/../lib/gcc/arm-none-eabi/12.3.1/../../../../arm-none-eabi/lib/thumb/v7e-m+fp/hard\libc_nano.a(libc_a-memcpy-stub.o)
                0x0800d134                memcpy
 .text._realloc_r
                0x0800d150       0x5c C:/ST/STM32CubeIDE_1.15.0/STM32CubeIDE/plugins/com.st.stm32cube.ide.mcu.externaltools.gnu-tools-for-stm32.12.3.rel1.win32_1.0.100.202403111256/tools/bin/../lib/gcc/arm-none-eabi/12.3.1/../../../../arm-none-eabi/lib/thumb/v7e-m+fp/hard\libc_nano.a(libc_a-reallocr.o)
                0x0800d150                _realloc_r
 .text._malloc_usable_size_r
                0x0800d1ac       0x10 C:/ST/STM32CubeIDE_1.15.0/STM32CubeIDE/plugins/com.st.stm32cube.ide.mcu.externaltools.gnu-tools-for-stm32.12.3.rel1.win32_1.0.100.202403111256/tools/bin/../lib/gcc/arm-none-eabi/12.3.1/../../../../arm-none-eabi/lib/thumb/v7e-m+fp/hard\libc_nano.a(libc_a-msizer.o)
                0x0800d1ac                _malloc_usable_size_r
 .text.sqrtf    0x0800d1bc       0x3c C:/ST/STM32CubeIDE_1.15.0/STM32CubeIDE/plugins/com.st.stm32cube.ide.mcu.externaltools.gnu-tools-for-stm32.12.3.rel1.win32_1.0.100.202403111256/tools/bin/../lib/gcc/arm-none-eabi/12.3.1/../../../../arm-none-eabi/lib/thumb/v7e-m+fp/hard\libm.a(libm_a-wf_sqrt.o)
                0x0800d1bc                sqrtf
 .text.__ieee754_sqrtf
                0x0800d1f8        0x6 C:/ST/STM32CubeIDE_1.15.0/STM32CubeIDE/plugins/com.st.stm32cube.ide.mcu.externaltools.gnu-tools-for-stm32.12.3.rel1.win32_1.0.100.202403111256/tools/bin/../lib/gcc/arm-none-eabi/12.3.1/../../../../arm-none-eabi/lib/thumb/v7e-m+fp/hard\libm.a(libm_a-ef_sqrt.o)
                0x0800d1f8                __ieee754_sqrtf
 *(.glue_7)
 .glue_7        0x0800d1fe        0x0 linker stubs
 *(.glue_7t)
 .glue_7t       0x0800d1fe        0x0 linker stubs
 *(.eh_frame)
 *fill*         0x0800d1fe        0x2 
 .eh_frame      0x0800d200        0x0 C:/ST/STM32CubeIDE_1.15.0/STM32CubeIDE/plugins/com.st.stm32cube.ide.mcu.externaltools.gnu-tools-for-stm32.12.3.rel1.win32_1.0.100.202403111256/tools/bin/../lib/gcc/arm-none-eabi/12.3.1/thumb/v7e-m+fp/hard/crtbegin.o
 *(.init)
 .init          0x0800d200        0x4 C:/ST/STM32CubeIDE_1.15.0/STM32CubeIDE/plugins/com.st.stm32cube.ide.mcu.externaltools.gnu-tools-for-stm32.12.3.rel1.win32_1.0.100.202403111256/tools/bin/../lib/gcc/arm-none-eabi/12.3.1/thumb/v7e-m+fp/hard/crti.o
                0x0800d200                _init
 .init          0x0800d204        0x8 C:/ST/STM32CubeIDE_1.15.0/STM32CubeIDE/plugins/com.st.stm32cube.ide.mcu.externaltools.gnu-tools-for-stm32.12.3.rel1.win32_1.0.100.202403111256/tools/bin/../lib/gcc/arm-none-eabi/12.3.1/thumb/v7e-m+fp/hard/crtn.o
 *(.fini)
 .fini          0x0800d20c        0x4 C:/ST/STM32CubeIDE_1.15.0/STM32CubeIDE/plugins/com.st.stm32cube.ide.mcu.externaltools.gnu-tools-for-stm32.12.3.rel1.win32_1.0.100.202403111256/tools/bin/../lib/gcc/arm-none-eabi/12.3.1/thumb/v7e-m+fp/hard/crti.o
                0x0800d20c                _fini
 .fini          0x0800d210        0x8 C:/ST/STM32CubeIDE_1.15.0/STM32CubeIDE/plugins/com.st.stm32cube.ide.mcu.externaltools.gnu-tools-for-stm32.12.3.rel1.win32_1.0.100.202403111256/tools/bin/../lib/gcc/arm-none-eabi/12.3.1/thumb/v7e-m+fp/hard/crtn.o
                0x0800d218                        . = ALIGN (0x4)
                0x0800d218                        _etext = .

.vfp11_veneer   0x0800d218        0x0
 .vfp11_veneer  0x0800d218        0x0 linker stubs

.v4_bx          0x0800d218        0x0
 .v4_bx         0x0800d218        0x0 linker stubs

.iplt           0x0800d218        0x0
 .iplt          0x0800d218        0x0 C:/ST/STM32CubeIDE_1.15.0/STM32CubeIDE/plugins/com.st.stm32cube.ide.mcu.externaltools.gnu-tools-for-stm32.12.3.rel1.win32_1.0.100.202403111256/tools/bin/../lib/gcc/arm-none-eabi/12.3.1/thumb/v7e-m+fp/hard/crtbegin.o

.rodata         0x0800d218    0x1360c
                0x0800d218                        . = ALIGN (0x4)
 *(.rodata)
 .rodata        0x0800d218      0x12d ./Core/Src/main.o
 *fill*         0x0800d345        0x3 
 .rodata        0x0800d348       0x17 ./Core/Src/wav_helper.o
 *fill*         0x0800d35f        0x1 
 .rodata        0x0800d360       0x48 ./Middlewares/Third_Party/FatFs/src/ff.o
 *(.rodata*)
 .rodata.AHBPrescTable
                0x0800d3a8       0x10 ./Core/Src/system_stm32f4xx.o
                0x0800d3a8                AHBPrescTable
 .rodata.APBPrescTable
                0x0800d3b8        0x8 ./Core/Src/system_stm32f4xx.o
                0x0800d3b8                APBPrescTable
 .rodata.flagBitshiftOffset.0
                0x0800d3c0        0x8 ./Drivers/STM32F4xx_HAL_Driver/Src/stm32f4xx_hal_dma.o
 .rodata.ExCvt  0x0800d3c8       0x80 ./Middlewares/Third_Party/FatFs/src/ff.o
 .rodata.LfnOfs
                0x0800d448        0xd ./Middlewares/Third_Party/FatFs/src/ff.o
 *fill*         0x0800d455        0x3 
 .rodata.Tbl    0x0800d458      0x100 ./Middlewares/Third_Party/FatFs/src/option/ccsbcs.o
 .rodata.cvt1.1
                0x0800d558      0x1f2 ./Middlewares/Third_Party/FatFs/src/option/ccsbcs.o
 *fill*         0x0800d74a        0x2 
 .rodata.cvt2.0
                0x0800d74c       0xbc ./Middlewares/Third_Party/FatFs/src/option/ccsbcs.o
 .rodata.armBitRevIndexTable1024
                0x0800d808      0xe10 C:\Users\aedan\OneDrive\Documents\Cproject4213\test_Sd_read\Drivers\CMSIS\DSP_Drivers\Lib\GCC\libarm_cortexM4lf_math.a(arm_common_tables.o)
                0x0800d808                armBitRevIndexTable1024
 .rodata.armBitRevIndexTable128
                0x0800e618      0x1a0 C:\Users\aedan\OneDrive\Documents\Cproject4213\test_Sd_read\Drivers\CMSIS\DSP_Drivers\Lib\GCC\libarm_cortexM4lf_math.a(arm_common_tables.o)
                0x0800e618                armBitRevIndexTable128
 .rodata.armBitRevIndexTable16
                0x0800e7b8       0x28 C:\Users\aedan\OneDrive\Documents\Cproject4213\test_Sd_read\Drivers\CMSIS\DSP_Drivers\Lib\GCC\libarm_cortexM4lf_math.a(arm_common_tables.o)
                0x0800e7b8                armBitRevIndexTable16
 .rodata.armBitRevIndexTable2048
                0x0800e7e0     0x1dc0 C:\Users\aedan\OneDrive\Documents\Cproject4213\test_Sd_read\Drivers\CMSIS\DSP_Drivers\Lib\GCC\libarm_cortexM4lf_math.a(arm_common_tables.o)
                0x0800e7e0                armBitRevIndexTable2048
 .rodata.armBitRevIndexTable256
                0x080105a0      0x370 C:\Users\aedan\OneDrive\Documents\Cproject4213\test_Sd_read\Drivers\CMSIS\DSP_Drivers\Lib\GCC\libarm_cortexM4lf_math.a(arm_common_tables.o)
                0x080105a0                armBitRevIndexTable256
 .rodata.armBitRevIndexTable32
                0x08010910       0x60 C:\Users\aedan\OneDrive\Documents\Cproject4213\test_Sd_read\Drivers\CMSIS\DSP_Drivers\Lib\GCC\libarm_cortexM4lf_math.a(arm_common_tables.o)
                0x08010910                armBitRevIndexTable32
 .rodata.armBitRevIndexTable512
                0x08010970      0x380 C:\Users\aedan\OneDrive\Documents\Cproject4213\test_Sd_read\Drivers\CMSIS\DSP_Drivers\Lib\GCC\libarm_cortexM4lf_math.a(arm_common_tables.o)
                0x08010970                armBitRevIndexTable512
 .rodata.twiddleCoef_1024
                0x08010cf0     0x2000 C:\Users\aedan\OneDrive\Documents\Cproject4213\test_Sd_read\Drivers\CMSIS\DSP_Drivers\Lib\GCC\libarm_cortexM4lf_math.a(arm_common_tables.o)
                0x08010cf0                twiddleCoef_1024
 .rodata.twiddleCoef_128
                0x08012cf0      0x400 C:\Users\aedan\OneDrive\Documents\Cproject4213\test_Sd_read\Drivers\CMSIS\DSP_Drivers\Lib\GCC\libarm_cortexM4lf_math.a(arm_common_tables.o)
                0x08012cf0                twiddleCoef_128
 .rodata.twiddleCoef_16
                0x080130f0       0x80 C:\Users\aedan\OneDrive\Documents\Cproject4213\test_Sd_read\Drivers\CMSIS\DSP_Drivers\Lib\GCC\libarm_cortexM4lf_math.a(arm_common_tables.o)
                0x080130f0                twiddleCoef_16
 .rodata.twiddleCoef_2048
                0x08013170     0x4000 C:\Users\aedan\OneDrive\Documents\Cproject4213\test_Sd_read\Drivers\CMSIS\DSP_Drivers\Lib\GCC\libarm_cortexM4lf_math.a(arm_common_tables.o)
                0x08013170                twiddleCoef_2048
 .rodata.twiddleCoef_256
                0x08017170      0x800 C:\Users\aedan\OneDrive\Documents\Cproject4213\test_Sd_read\Drivers\CMSIS\DSP_Drivers\Lib\GCC\libarm_cortexM4lf_math.a(arm_common_tables.o)
                0x08017170                twiddleCoef_256
 .rodata.twiddleCoef_32
                0x08017970      0x100 C:\Users\aedan\OneDrive\Documents\Cproject4213\test_Sd_read\Drivers\CMSIS\DSP_Drivers\Lib\GCC\libarm_cortexM4lf_math.a(arm_common_tables.o)
                0x08017970                twiddleCoef_32
 .rodata.twiddleCoef_512
                0x08017a70     0x1000 C:\Users\aedan\OneDrive\Documents\Cproject4213\test_Sd_read\Drivers\CMSIS\DSP_Drivers\Lib\GCC\libarm_cortexM4lf_math.a(arm_common_tables.o)
                0x08017a70                twiddleCoef_512
 .rodata.twiddleCoef_rfft_1024
                0x08018a70     0x1000 C:\Users\aedan\OneDrive\Documents\Cproject4213\test_Sd_read\Drivers\CMSIS\DSP_Drivers\Lib\GCC\libarm_cortexM4lf_math.a(arm_common_tables.o)
                0x08018a70                twiddleCoef_rfft_1024
 .rodata.twiddleCoef_rfft_2048
                0x08019a70     0x2000 C:\Users\aedan\OneDrive\Documents\Cproject4213\test_Sd_read\Drivers\CMSIS\DSP_Drivers\Lib\GCC\libarm_cortexM4lf_math.a(arm_common_tables.o)
                0x08019a70                twiddleCoef_rfft_2048
 .rodata.twiddleCoef_rfft_256
                0x0801ba70      0x400 C:\Users\aedan\OneDrive\Documents\Cproject4213\test_Sd_read\Drivers\CMSIS\DSP_Drivers\Lib\GCC\libarm_cortexM4lf_math.a(arm_common_tables.o)
                0x0801ba70                twiddleCoef_rfft_256
 .rodata.twiddleCoef_rfft_32
                0x0801be70       0x80 C:\Users\aedan\OneDrive\Documents\Cproject4213\test_Sd_read\Drivers\CMSIS\DSP_Drivers\Lib\GCC\libarm_cortexM4lf_math.a(arm_common_tables.o)
                0x0801be70                twiddleCoef_rfft_32
 .rodata.twiddleCoef_rfft_4096
                0x0801bef0     0x4000 C:\Users\aedan\OneDrive\Documents\Cproject4213\test_Sd_read\Drivers\CMSIS\DSP_Drivers\Lib\GCC\libarm_cortexM4lf_math.a(arm_common_tables.o)
                0x0801bef0                twiddleCoef_rfft_4096
 .rodata.twiddleCoef_rfft_512
                0x0801fef0      0x800 C:\Users\aedan\OneDrive\Documents\Cproject4213\test_Sd_read\Drivers\CMSIS\DSP_Drivers\Lib\GCC\libarm_cortexM4lf_math.a(arm_common_tables.o)
                0x0801fef0                twiddleCoef_rfft_512
 .rodata.twiddleCoef_rfft_64
                0x080206f0      0x100 C:\Users\aedan\OneDrive\Documents\Cproject4213\test_Sd_read\Drivers\CMSIS\DSP_Drivers\Lib\GCC\libarm_cortexM4lf_math.a(arm_common_tables.o)
                0x080206f0                twiddleCoef_rfft_64
 .rodata._svfprintf_r.str1.1
                0x080207f0       0x11 C:/ST/STM32CubeIDE_1.15.0/STM32CubeIDE/plugins/com.st.stm32cube.ide.mcu.externaltools.gnu-tools-for-stm32.12.3.rel1.win32_1.0.100.202403111256/tools/bin/../lib/gcc/arm-none-eabi/12.3.1/../../../../arm-none-eabi/lib/thumb/v7e-m+fp/hard\libc_nano.a(libc_a-nano-svfprintf.o)
 .rodata._printf_i.str1.1
                0x08020801       0x22 C:/ST/STM32CubeIDE_1.15.0/STM32CubeIDE/plugins/com.st.stm32cube.ide.mcu.externaltools.gnu-tools-for-stm32.12.3.rel1.win32_1.0.100.202403111256/tools/bin/../lib/gcc/arm-none-eabi/12.3.1/../../../../arm-none-eabi/lib/thumb/v7e-m+fp/hard\libc_nano.a(libc_a-nano-vfprintf_i.o)
                0x08020824                        . = ALIGN (0x4)
 *fill*         0x08020823        0x1 

.ARM.extab      0x08020824        0x0
                0x08020824                        . = ALIGN (0x4)
 *(.ARM.extab* .gnu.linkonce.armextab.*)
                0x08020824                        . = ALIGN (0x4)

.ARM            0x08020824        0x8
                0x08020824                        . = ALIGN (0x4)
                0x08020824                        __exidx_start = .
 *(.ARM.exidx*)
 .ARM.exidx     0x08020824        0x8 C:/ST/STM32CubeIDE_1.15.0/STM32CubeIDE/plugins/com.st.stm32cube.ide.mcu.externaltools.gnu-tools-for-stm32.12.3.rel1.win32_1.0.100.202403111256/tools/bin/../lib/gcc/arm-none-eabi/12.3.1/../../../../arm-none-eabi/lib/thumb/v7e-m+fp/hard\libc_nano.a(libc_a-strlen.o)
 .ARM.exidx     0x0802082c        0x0 C:/ST/STM32CubeIDE_1.15.0/STM32CubeIDE/plugins/com.st.stm32cube.ide.mcu.externaltools.gnu-tools-for-stm32.12.3.rel1.win32_1.0.100.202403111256/tools/bin/../lib/gcc/arm-none-eabi/12.3.1/../../../../arm-none-eabi/lib/thumb/v7e-m+fp/hard\libc_nano.a(libc_a-memchr.o)
                                  0x8 (size before relaxing)
 .ARM.exidx     0x0802082c        0x0 C:/ST/STM32CubeIDE_1.15.0/STM32CubeIDE/plugins/com.st.stm32cube.ide.mcu.externaltools.gnu-tools-for-stm32.12.3.rel1.win32_1.0.100.202403111256/tools/bin/../lib/gcc/arm-none-eabi/12.3.1/thumb/v7e-m+fp/hard\libgcc.a(_udivmoddi4.o)
                                  0x8 (size before relaxing)
                0x0802082c                        __exidx_end = .
                0x0802082c                        . = ALIGN (0x4)

.preinit_array  0x0802082c        0x0
                0x0802082c                        . = ALIGN (0x4)
                0x0802082c                        PROVIDE (__preinit_array_start = .)
 *(.preinit_array*)
                0x0802082c                        PROVIDE (__preinit_array_end = .)
                0x0802082c                        . = ALIGN (0x4)

.init_array     0x0802082c        0x4
                0x0802082c                        . = ALIGN (0x4)
                0x0802082c                        PROVIDE (__init_array_start = .)
 *(SORT_BY_NAME(.init_array.*))
 *(.init_array*)
 .init_array    0x0802082c        0x4 C:/ST/STM32CubeIDE_1.15.0/STM32CubeIDE/plugins/com.st.stm32cube.ide.mcu.externaltools.gnu-tools-for-stm32.12.3.rel1.win32_1.0.100.202403111256/tools/bin/../lib/gcc/arm-none-eabi/12.3.1/thumb/v7e-m+fp/hard/crtbegin.o
                0x08020830                        PROVIDE (__init_array_end = .)
                0x08020830                        . = ALIGN (0x4)

.fini_array     0x08020830        0x4
                0x08020830                        . = ALIGN (0x4)
                [!provide]                        PROVIDE (__fini_array_start = .)
 *(SORT_BY_NAME(.fini_array.*))
 *(.fini_array*)
 .fini_array    0x08020830        0x4 C:/ST/STM32CubeIDE_1.15.0/STM32CubeIDE/plugins/com.st.stm32cube.ide.mcu.externaltools.gnu-tools-for-stm32.12.3.rel1.win32_1.0.100.202403111256/tools/bin/../lib/gcc/arm-none-eabi/12.3.1/thumb/v7e-m+fp/hard/crtbegin.o
                [!provide]                        PROVIDE (__fini_array_end = .)
                0x08020834                        . = ALIGN (0x4)
                0x08020834                        _sidata = LOADADDR (.data)

.rel.dyn        0x08020834        0x0
 .rel.iplt      0x08020834        0x0 C:/ST/STM32CubeIDE_1.15.0/STM32CubeIDE/plugins/com.st.stm32cube.ide.mcu.externaltools.gnu-tools-for-stm32.12.3.rel1.win32_1.0.100.202403111256/tools/bin/../lib/gcc/arm-none-eabi/12.3.1/thumb/v7e-m+fp/hard/crtbegin.o

.data           0x20000000       0x88 load address 0x08020834
                0x20000000                        . = ALIGN (0x4)
                0x20000000                        _sdata = .
 *(.data)
 *(.data*)
 .data.Stat     0x20000000        0x1 ./Core/Src/fatfs_sd.o
 *fill*         0x20000001        0x3 
 .data.fir_coeffs
                0x20000004       0x14 ./Core/Src/main.o
                0x20000004                fir_coeffs
 .data.SystemCoreClock
                0x20000018        0x4 ./Core/Src/system_stm32f4xx.o
                0x20000018                SystemCoreClock
 .data.uwTickPrio
                0x2000001c        0x4 ./Drivers/STM32F4xx_HAL_Driver/Src/stm32f4xx_hal.o
                0x2000001c                uwTickPrio
 .data.uwTickFreq
                0x20000020        0x1 ./Drivers/STM32F4xx_HAL_Driver/Src/stm32f4xx_hal.o
                0x20000020                uwTickFreq
 *fill*         0x20000021        0x3 
 .data.USER_Driver
                0x20000024       0x14 ./FATFS/Target/user_diskio.o
                0x20000024                USER_Driver
 .data._impure_ptr
                0x20000038        0x4 C:/ST/STM32CubeIDE_1.15.0/STM32CubeIDE/plugins/com.st.stm32cube.ide.mcu.externaltools.gnu-tools-for-stm32.12.3.rel1.win32_1.0.100.202403111256/tools/bin/../lib/gcc/arm-none-eabi/12.3.1/../../../../arm-none-eabi/lib/thumb/v7e-m+fp/hard\libc_nano.a(libc_a-impure.o)
                0x20000038                _impure_ptr
 .data._impure_data
                0x2000003c       0x4c C:/ST/STM32CubeIDE_1.15.0/STM32CubeIDE/plugins/com.st.stm32cube.ide.mcu.externaltools.gnu-tools-for-stm32.12.3.rel1.win32_1.0.100.202403111256/tools/bin/../lib/gcc/arm-none-eabi/12.3.1/../../../../arm-none-eabi/lib/thumb/v7e-m+fp/hard\libc_nano.a(libc_a-impure.o)
                0x2000003c                _impure_data
 *(.RamFunc)
 *(.RamFunc*)
                0x20000088                        . = ALIGN (0x4)
                0x20000088                        _edata = .

.igot.plt       0x20000088        0x0 load address 0x080208bc
 .igot.plt      0x20000088        0x0 C:/ST/STM32CubeIDE_1.15.0/STM32CubeIDE/plugins/com.st.stm32cube.ide.mcu.externaltools.gnu-tools-for-stm32.12.3.rel1.win32_1.0.100.202403111256/tools/bin/../lib/gcc/arm-none-eabi/12.3.1/thumb/v7e-m+fp/hard/crtbegin.o
                0x20000088                        . = ALIGN (0x4)

.bss            0x20000088     0xfb04 load address 0x080208bc
                0x20000088                        _sbss = .
                0x20000088                        __bss_start__ = _sbss
 *(.bss)
 .bss           0x20000088       0x1c C:/ST/STM32CubeIDE_1.15.0/STM32CubeIDE/plugins/com.st.stm32cube.ide.mcu.externaltools.gnu-tools-for-stm32.12.3.rel1.win32_1.0.100.202403111256/tools/bin/../lib/gcc/arm-none-eabi/12.3.1/thumb/v7e-m+fp/hard/crtbegin.o
 *(.bss*)
 .bss.CardType  0x200000a4        0x1 ./Core/Src/fatfs_sd.o
 .bss.PowerFlag
                0x200000a5        0x1 ./Core/Src/fatfs_sd.o
 *fill*         0x200000a6        0x2 
 .bss.hadc1     0x200000a8       0x48 ./Core/Src/main.o
                0x200000a8                hadc1
 .bss.hdma_adc1
                0x200000f0       0x60 ./Core/Src/main.o
                0x200000f0                hdma_adc1
 .bss.hi2c1     0x20000150       0x54 ./Core/Src/main.o
                0x20000150                hi2c1
 .bss.hspi2     0x200001a4       0x58 ./Core/Src/main.o
                0x200001a4                hspi2
 .bss.htim3     0x200001fc       0x48 ./Core/Src/main.o
                0x200001fc                htim3
 .bss.htim5     0x20000244       0x48 ./Core/Src/main.o
                0x20000244                htim5
 .bss.huart2    0x2000028c       0x48 ./Core/Src/main.o
                0x2000028c                huart2
 .bss.fs        0x200002d4     0x1038 ./Core/Src/main.o
                0x200002d4                fs
 .bss.fresult   0x2000130c        0x1 ./Core/Src/main.o
                0x2000130c                fresult
 *fill*         0x2000130d        0x3 
 .bss.buffer    0x20001310      0x400 ./Core/Src/main.o
                0x20001310                buffer
 .bss.pfs       0x20001710        0x4 ./Core/Src/main.o
                0x20001710                pfs
 .bss.fre_clust
                0x20001714        0x4 ./Core/Src/main.o
                0x20001714                fre_clust
 .bss.total     0x20001718        0x4 ./Core/Src/main.o
                0x20001718                total
 .bss.free_space
                0x2000171c        0x4 ./Core/Src/main.o
                0x2000171c                free_space
 .bss.wav_header_raw
                0x20001720       0x2c ./Core/Src/main.o
 .bss.wav_header_mod
                0x2000174c       0x2c ./Core/Src/main.o
 .bss.wav_path_raw
                0x20001778       0x1a ./Core/Src/main.o
                0x20001778                wav_path_raw
 *fill*         0x20001792        0x2 
 .bss.wav_path_mod
                0x20001794       0x1a ./Core/Src/main.o
                0x20001794                wav_path_mod
 *fill*         0x200017ae        0x2 
 .bss.write_only_mod
                0x200017b0        0x4 ./Core/Src/main.o
                0x200017b0                write_only_mod
 .bss.adc_buffer
                0x200017b4     0x4000 ./Core/Src/main.o
                0x200017b4                adc_buffer
 .bss.robot_buffer
                0x200057b4     0x2000 ./Core/Src/main.o
                0x200057b4                robot_buffer
 .bss.privacy_mode
                0x200077b4        0x4 ./Core/Src/main.o
                0x200077b4                privacy_mode
 .bss.max_dominant_unfiltered_frequency
                0x200077b8        0x4 ./Core/Src/main.o
 .bss.max_dominant_filtered_frequency
                0x200077bc        0x4 ./Core/Src/main.o
 .bss.dominant_unfiltered_frequency
                0x200077c0        0x4 ./Core/Src/main.o
 .bss.dominant_filtered_frequency
                0x200077c4        0x4 ./Core/Src/main.o
 .bss.fir_state
                0x200077c8     0x4010 ./Core/Src/main.o
                0x200077c8                fir_state
 .bss.fir_filter
                0x2000b7d8        0xc ./Core/Src/main.o
                0x2000b7d8                fir_filter
 .bss.filtered_adc_buf1
                0x2000b7e4     0x2000 ./Core/Src/main.o
                0x2000b7e4                filtered_adc_buf1
 .bss.filtered_adc_buf2
                0x2000d7e4     0x2000 ./Core/Src/main.o
                0x2000d7e4                filtered_adc_buf2
 .bss.S         0x2000f7e4       0x18 ./Core/Src/main.o
                0x2000f7e4                S
 .bss.FatFsCnt  0x2000f7fc        0x1 ./Core/Src/stm32f4xx_it.o
                0x2000f7fc                FatFsCnt
 .bss.Timer1    0x2000f7fd        0x1 ./Core/Src/stm32f4xx_it.o
                0x2000f7fd                Timer1
 .bss.Timer2    0x2000f7fe        0x1 ./Core/Src/stm32f4xx_it.o
                0x2000f7fe                Timer2
 *fill*         0x2000f7ff        0x1 
 .bss.__sbrk_heap_end
                0x2000f800        0x4 ./Core/Src/sysmem.o
 .bss.uwTick    0x2000f804        0x4 ./Drivers/STM32F4xx_HAL_Driver/Src/stm32f4xx_hal.o
                0x2000f804                uwTick
 .bss.retUSER   0x2000f808        0x1 ./FATFS/App/fatfs.o
                0x2000f808                retUSER
 *fill*         0x2000f809        0x3 
 .bss.USERPath  0x2000f80c        0x4 ./FATFS/App/fatfs.o
                0x2000f80c                USERPath
 .bss.FatFs     0x2000f810        0x4 ./Middlewares/Third_Party/FatFs/src/ff.o
 .bss.Fsid      0x2000f814        0x2 ./Middlewares/Third_Party/FatFs/src/ff.o
 *fill*         0x2000f816        0x2 
 .bss.Files     0x2000f818       0x20 ./Middlewares/Third_Party/FatFs/src/ff.o
 .bss.LfnBuf    0x2000f838      0x200 ./Middlewares/Third_Party/FatFs/src/ff.o
 .bss.disk      0x2000fa38        0xc ./Middlewares/Third_Party/FatFs/src/ff_gen_drv.o
                0x2000fa38                disk
 .bss.__sf      0x2000fa44      0x138 C:/ST/STM32CubeIDE_1.15.0/STM32CubeIDE/plugins/com.st.stm32cube.ide.mcu.externaltools.gnu-tools-for-stm32.12.3.rel1.win32_1.0.100.202403111256/tools/bin/../lib/gcc/arm-none-eabi/12.3.1/../../../../arm-none-eabi/lib/thumb/v7e-m+fp/hard\libc_nano.a(libc_a-findfp.o)
                0x2000fa44                __sf
 .bss.errno     0x2000fb7c        0x4 C:/ST/STM32CubeIDE_1.15.0/STM32CubeIDE/plugins/com.st.stm32cube.ide.mcu.externaltools.gnu-tools-for-stm32.12.3.rel1.win32_1.0.100.202403111256/tools/bin/../lib/gcc/arm-none-eabi/12.3.1/../../../../arm-none-eabi/lib/thumb/v7e-m+fp/hard\libc_nano.a(libc_a-reent.o)
                0x2000fb7c                errno
 .bss.__lock___malloc_recursive_mutex
                0x2000fb80        0x1 C:/ST/STM32CubeIDE_1.15.0/STM32CubeIDE/plugins/com.st.stm32cube.ide.mcu.externaltools.gnu-tools-for-stm32.12.3.rel1.win32_1.0.100.202403111256/tools/bin/../lib/gcc/arm-none-eabi/12.3.1/../../../../arm-none-eabi/lib/thumb/v7e-m+fp/hard\libc_nano.a(libc_a-lock.o)
                0x2000fb80                __lock___malloc_recursive_mutex
 *fill*         0x2000fb81        0x3 
 .bss.__malloc_sbrk_start
                0x2000fb84        0x4 C:/ST/STM32CubeIDE_1.15.0/STM32CubeIDE/plugins/com.st.stm32cube.ide.mcu.externaltools.gnu-tools-for-stm32.12.3.rel1.win32_1.0.100.202403111256/tools/bin/../lib/gcc/arm-none-eabi/12.3.1/../../../../arm-none-eabi/lib/thumb/v7e-m+fp/hard\libc_nano.a(libc_a-mallocr.o)
                0x2000fb84                __malloc_sbrk_start
 .bss.__malloc_free_list
                0x2000fb88        0x4 C:/ST/STM32CubeIDE_1.15.0/STM32CubeIDE/plugins/com.st.stm32cube.ide.mcu.externaltools.gnu-tools-for-stm32.12.3.rel1.win32_1.0.100.202403111256/tools/bin/../lib/gcc/arm-none-eabi/12.3.1/../../../../arm-none-eabi/lib/thumb/v7e-m+fp/hard\libc_nano.a(libc_a-mallocr.o)
                0x2000fb88                __malloc_free_list
 *(COMMON)
                0x2000fb8c                        . = ALIGN (0x4)
                0x2000fb8c                        _ebss = .
                0x2000fb8c                        __bss_end__ = _ebss

._user_heap_stack
                0x2000fb8c      0x604 load address 0x080208bc
                0x2000fb90                        . = ALIGN (0x8)
 *fill*         0x2000fb8c        0x4 
                [!provide]                        PROVIDE (end = .)
                0x2000fb90                        PROVIDE (_end = .)
                0x2000fd90                        . = (. + _Min_Heap_Size)
 *fill*         0x2000fb90      0x200 
                0x20010190                        . = (. + _Min_Stack_Size)
 *fill*         0x2000fd90      0x400 
                0x20010190                        . = ALIGN (0x8)

/DISCARD/
 libc.a(*)
 libm.a(*)
 libgcc.a(*)

.ARM.attributes
                0x00000000       0x30
 *(.ARM.attributes)
 .ARM.attributes
                0x00000000       0x22 C:/ST/STM32CubeIDE_1.15.0/STM32CubeIDE/plugins/com.st.stm32cube.ide.mcu.externaltools.gnu-tools-for-stm32.12.3.rel1.win32_1.0.100.202403111256/tools/bin/../lib/gcc/arm-none-eabi/12.3.1/thumb/v7e-m+fp/hard/crti.o
 .ARM.attributes
                0x00000022       0x34 C:/ST/STM32CubeIDE_1.15.0/STM32CubeIDE/plugins/com.st.stm32cube.ide.mcu.externaltools.gnu-tools-for-stm32.12.3.rel1.win32_1.0.100.202403111256/tools/bin/../lib/gcc/arm-none-eabi/12.3.1/thumb/v7e-m+fp/hard/crtbegin.o
 .ARM.attributes
                0x00000056       0x34 ./Core/Src/fatfs_sd.o
 .ARM.attributes
                0x0000008a       0x34 ./Core/Src/lcd.o
 .ARM.attributes
                0x000000be       0x34 ./Core/Src/main.o
 .ARM.attributes
                0x000000f2       0x34 ./Core/Src/stm32f4xx_hal_msp.o
 .ARM.attributes
                0x00000126       0x34 ./Core/Src/stm32f4xx_it.o
 .ARM.attributes
                0x0000015a       0x34 ./Core/Src/sysmem.o
 .ARM.attributes
                0x0000018e       0x34 ./Core/Src/system_stm32f4xx.o
 .ARM.attributes
                0x000001c2       0x34 ./Core/Src/wav_helper.o
 .ARM.attributes
                0x000001f6       0x21 ./Core/Startup/startup_stm32f411retx.o
 .ARM.attributes
                0x00000217       0x34 ./Drivers/STM32F4xx_HAL_Driver/Src/stm32f4xx_hal.o
 .ARM.attributes
                0x0000024b       0x34 ./Drivers/STM32F4xx_HAL_Driver/Src/stm32f4xx_hal_adc.o
 .ARM.attributes
                0x0000027f       0x34 ./Drivers/STM32F4xx_HAL_Driver/Src/stm32f4xx_hal_cortex.o
 .ARM.attributes
                0x000002b3       0x34 ./Drivers/STM32F4xx_HAL_Driver/Src/stm32f4xx_hal_dma.o
 .ARM.attributes
                0x000002e7       0x34 ./Drivers/STM32F4xx_HAL_Driver/Src/stm32f4xx_hal_gpio.o
 .ARM.attributes
                0x0000031b       0x34 ./Drivers/STM32F4xx_HAL_Driver/Src/stm32f4xx_hal_i2c.o
 .ARM.attributes
                0x0000034f       0x34 ./Drivers/STM32F4xx_HAL_Driver/Src/stm32f4xx_hal_rcc.o
 .ARM.attributes
                0x00000383       0x34 ./Drivers/STM32F4xx_HAL_Driver/Src/stm32f4xx_hal_spi.o
 .ARM.attributes
                0x000003b7       0x34 ./Drivers/STM32F4xx_HAL_Driver/Src/stm32f4xx_hal_tim.o
 .ARM.attributes
                0x000003eb       0x34 ./Drivers/STM32F4xx_HAL_Driver/Src/stm32f4xx_hal_tim_ex.o
 .ARM.attributes
                0x0000041f       0x34 ./Drivers/STM32F4xx_HAL_Driver/Src/stm32f4xx_hal_uart.o
 .ARM.attributes
                0x00000453       0x34 ./FATFS/App/fatfs.o
 .ARM.attributes
                0x00000487       0x34 ./FATFS/Target/user_diskio.o
 .ARM.attributes
                0x000004bb       0x34 ./Middlewares/Third_Party/FatFs/src/diskio.o
 .ARM.attributes
                0x000004ef       0x34 ./Middlewares/Third_Party/FatFs/src/ff.o
 .ARM.attributes
                0x00000523       0x34 ./Middlewares/Third_Party/FatFs/src/ff_gen_drv.o
 .ARM.attributes
                0x00000557       0x34 ./Middlewares/Third_Party/FatFs/src/option/ccsbcs.o
 .ARM.attributes
                0x0000058b       0x34 C:\Users\aedan\OneDrive\Documents\Cproject4213\test_Sd_read\Drivers\CMSIS\DSP_Drivers\Lib\GCC\libarm_cortexM4lf_math.a(arm_rfft_fast_init_f32.o)
 .ARM.attributes
                0x000005bf       0x34 C:\Users\aedan\OneDrive\Documents\Cproject4213\test_Sd_read\Drivers\CMSIS\DSP_Drivers\Lib\GCC\libarm_cortexM4lf_math.a(arm_rfft_fast_f32.o)
 .ARM.attributes
                0x000005f3       0x34 C:\Users\aedan\OneDrive\Documents\Cproject4213\test_Sd_read\Drivers\CMSIS\DSP_Drivers\Lib\GCC\libarm_cortexM4lf_math.a(arm_cfft_f32.o)
 .ARM.attributes
                0x00000627       0x34 C:\Users\aedan\OneDrive\Documents\Cproject4213\test_Sd_read\Drivers\CMSIS\DSP_Drivers\Lib\GCC\libarm_cortexM4lf_math.a(arm_bitreversal2.o)
 .ARM.attributes
                0x0000065b       0x34 C:\Users\aedan\OneDrive\Documents\Cproject4213\test_Sd_read\Drivers\CMSIS\DSP_Drivers\Lib\GCC\libarm_cortexM4lf_math.a(arm_fir_init_f32.o)
 .ARM.attributes
                0x0000068f       0x34 C:\Users\aedan\OneDrive\Documents\Cproject4213\test_Sd_read\Drivers\CMSIS\DSP_Drivers\Lib\GCC\libarm_cortexM4lf_math.a(arm_fir_f32.o)
 .ARM.attributes
                0x000006c3       0x39 C:\Users\aedan\OneDrive\Documents\Cproject4213\test_Sd_read\Drivers\CMSIS\DSP_Drivers\Lib\GCC\libarm_cortexM4lf_math.a(arm_common_tables.o)
 .ARM.attributes
                0x000006fc       0x34 C:\Users\aedan\OneDrive\Documents\Cproject4213\test_Sd_read\Drivers\CMSIS\DSP_Drivers\Lib\GCC\libarm_cortexM4lf_math.a(arm_cfft_radix8_f32.o)
 .ARM.attributes
                0x00000730       0x34 C:/ST/STM32CubeIDE_1.15.0/STM32CubeIDE/plugins/com.st.stm32cube.ide.mcu.externaltools.gnu-tools-for-stm32.12.3.rel1.win32_1.0.100.202403111256/tools/bin/../lib/gcc/arm-none-eabi/12.3.1/../../../../arm-none-eabi/lib/thumb/v7e-m+fp/hard\libc_nano.a(libc_a-findfp.o)
 .ARM.attributes
                0x00000764       0x34 C:/ST/STM32CubeIDE_1.15.0/STM32CubeIDE/plugins/com.st.stm32cube.ide.mcu.externaltools.gnu-tools-for-stm32.12.3.rel1.win32_1.0.100.202403111256/tools/bin/../lib/gcc/arm-none-eabi/12.3.1/../../../../arm-none-eabi/lib/thumb/v7e-m+fp/hard\libc_nano.a(libc_a-sprintf.o)
 .ARM.attributes
                0x00000798       0x34 C:/ST/STM32CubeIDE_1.15.0/STM32CubeIDE/plugins/com.st.stm32cube.ide.mcu.externaltools.gnu-tools-for-stm32.12.3.rel1.win32_1.0.100.202403111256/tools/bin/../lib/gcc/arm-none-eabi/12.3.1/../../../../arm-none-eabi/lib/thumb/v7e-m+fp/hard\libc_nano.a(libc_a-memset.o)
 .ARM.attributes
                0x000007cc       0x34 C:/ST/STM32CubeIDE_1.15.0/STM32CubeIDE/plugins/com.st.stm32cube.ide.mcu.externaltools.gnu-tools-for-stm32.12.3.rel1.win32_1.0.100.202403111256/tools/bin/../lib/gcc/arm-none-eabi/12.3.1/../../../../arm-none-eabi/lib/thumb/v7e-m+fp/hard\libc_nano.a(libc_a-reent.o)
 .ARM.attributes
                0x00000800       0x34 C:/ST/STM32CubeIDE_1.15.0/STM32CubeIDE/plugins/com.st.stm32cube.ide.mcu.externaltools.gnu-tools-for-stm32.12.3.rel1.win32_1.0.100.202403111256/tools/bin/../lib/gcc/arm-none-eabi/12.3.1/../../../../arm-none-eabi/lib/thumb/v7e-m+fp/hard\libc_nano.a(libc_a-impure.o)
 .ARM.attributes
                0x00000834       0x34 C:/ST/STM32CubeIDE_1.15.0/STM32CubeIDE/plugins/com.st.stm32cube.ide.mcu.externaltools.gnu-tools-for-stm32.12.3.rel1.win32_1.0.100.202403111256/tools/bin/../lib/gcc/arm-none-eabi/12.3.1/../../../../arm-none-eabi/lib/thumb/v7e-m+fp/hard\libc_nano.a(libc_a-errno.o)
 .ARM.attributes
                0x00000868       0x34 C:/ST/STM32CubeIDE_1.15.0/STM32CubeIDE/plugins/com.st.stm32cube.ide.mcu.externaltools.gnu-tools-for-stm32.12.3.rel1.win32_1.0.100.202403111256/tools/bin/../lib/gcc/arm-none-eabi/12.3.1/../../../../arm-none-eabi/lib/thumb/v7e-m+fp/hard\libc_nano.a(libc_a-init.o)
 .ARM.attributes
                0x0000089c       0x34 C:/ST/STM32CubeIDE_1.15.0/STM32CubeIDE/plugins/com.st.stm32cube.ide.mcu.externaltools.gnu-tools-for-stm32.12.3.rel1.win32_1.0.100.202403111256/tools/bin/../lib/gcc/arm-none-eabi/12.3.1/../../../../arm-none-eabi/lib/thumb/v7e-m+fp/hard\libc_nano.a(libc_a-lock.o)
 .ARM.attributes
                0x000008d0       0x17 C:/ST/STM32CubeIDE_1.15.0/STM32CubeIDE/plugins/com.st.stm32cube.ide.mcu.externaltools.gnu-tools-for-stm32.12.3.rel1.win32_1.0.100.202403111256/tools/bin/../lib/gcc/arm-none-eabi/12.3.1/../../../../arm-none-eabi/lib/thumb/v7e-m+fp/hard\libc_nano.a(libc_a-strlen.o)
 .ARM.attributes
                0x000008e7       0x34 C:/ST/STM32CubeIDE_1.15.0/STM32CubeIDE/plugins/com.st.stm32cube.ide.mcu.externaltools.gnu-tools-for-stm32.12.3.rel1.win32_1.0.100.202403111256/tools/bin/../lib/gcc/arm-none-eabi/12.3.1/../../../../arm-none-eabi/lib/thumb/v7e-m+fp/hard\libc_nano.a(libc_a-freer.o)
 .ARM.attributes
                0x0000091b       0x34 C:/ST/STM32CubeIDE_1.15.0/STM32CubeIDE/plugins/com.st.stm32cube.ide.mcu.externaltools.gnu-tools-for-stm32.12.3.rel1.win32_1.0.100.202403111256/tools/bin/../lib/gcc/arm-none-eabi/12.3.1/../../../../arm-none-eabi/lib/thumb/v7e-m+fp/hard\libc_nano.a(libc_a-mallocr.o)
 .ARM.attributes
                0x0000094f       0x34 C:/ST/STM32CubeIDE_1.15.0/STM32CubeIDE/plugins/com.st.stm32cube.ide.mcu.externaltools.gnu-tools-for-stm32.12.3.rel1.win32_1.0.100.202403111256/tools/bin/../lib/gcc/arm-none-eabi/12.3.1/../../../../arm-none-eabi/lib/thumb/v7e-m+fp/hard\libc_nano.a(libc_a-mlock.o)
 .ARM.attributes
                0x00000983       0x34 C:/ST/STM32CubeIDE_1.15.0/STM32CubeIDE/plugins/com.st.stm32cube.ide.mcu.externaltools.gnu-tools-for-stm32.12.3.rel1.win32_1.0.100.202403111256/tools/bin/../lib/gcc/arm-none-eabi/12.3.1/../../../../arm-none-eabi/lib/thumb/v7e-m+fp/hard\libc_nano.a(libc_a-nano-svfprintf.o)
 .ARM.attributes
                0x000009b7       0x34 C:/ST/STM32CubeIDE_1.15.0/STM32CubeIDE/plugins/com.st.stm32cube.ide.mcu.externaltools.gnu-tools-for-stm32.12.3.rel1.win32_1.0.100.202403111256/tools/bin/../lib/gcc/arm-none-eabi/12.3.1/../../../../arm-none-eabi/lib/thumb/v7e-m+fp/hard\libc_nano.a(libc_a-nano-vfprintf_i.o)
 .ARM.attributes
                0x000009eb       0x34 C:/ST/STM32CubeIDE_1.15.0/STM32CubeIDE/plugins/com.st.stm32cube.ide.mcu.externaltools.gnu-tools-for-stm32.12.3.rel1.win32_1.0.100.202403111256/tools/bin/../lib/gcc/arm-none-eabi/12.3.1/../../../../arm-none-eabi/lib/thumb/v7e-m+fp/hard\libc_nano.a(libc_a-memmove.o)
 .ARM.attributes
                0x00000a1f       0x34 C:/ST/STM32CubeIDE_1.15.0/STM32CubeIDE/plugins/com.st.stm32cube.ide.mcu.externaltools.gnu-tools-for-stm32.12.3.rel1.win32_1.0.100.202403111256/tools/bin/../lib/gcc/arm-none-eabi/12.3.1/../../../../arm-none-eabi/lib/thumb/v7e-m+fp/hard\libc_nano.a(libc_a-sbrkr.o)
 .ARM.attributes
                0x00000a53       0x1c C:/ST/STM32CubeIDE_1.15.0/STM32CubeIDE/plugins/com.st.stm32cube.ide.mcu.externaltools.gnu-tools-for-stm32.12.3.rel1.win32_1.0.100.202403111256/tools/bin/../lib/gcc/arm-none-eabi/12.3.1/../../../../arm-none-eabi/lib/thumb/v7e-m+fp/hard\libc_nano.a(libc_a-memchr.o)
 .ARM.attributes
                0x00000a6f       0x34 C:/ST/STM32CubeIDE_1.15.0/STM32CubeIDE/plugins/com.st.stm32cube.ide.mcu.externaltools.gnu-tools-for-stm32.12.3.rel1.win32_1.0.100.202403111256/tools/bin/../lib/gcc/arm-none-eabi/12.3.1/../../../../arm-none-eabi/lib/thumb/v7e-m+fp/hard\libc_nano.a(libc_a-memcpy-stub.o)
 .ARM.attributes
                0x00000aa3       0x34 C:/ST/STM32CubeIDE_1.15.0/STM32CubeIDE/plugins/com.st.stm32cube.ide.mcu.externaltools.gnu-tools-for-stm32.12.3.rel1.win32_1.0.100.202403111256/tools/bin/../lib/gcc/arm-none-eabi/12.3.1/../../../../arm-none-eabi/lib/thumb/v7e-m+fp/hard\libc_nano.a(libc_a-reallocr.o)
 .ARM.attributes
                0x00000ad7       0x34 C:/ST/STM32CubeIDE_1.15.0/STM32CubeIDE/plugins/com.st.stm32cube.ide.mcu.externaltools.gnu-tools-for-stm32.12.3.rel1.win32_1.0.100.202403111256/tools/bin/../lib/gcc/arm-none-eabi/12.3.1/../../../../arm-none-eabi/lib/thumb/v7e-m+fp/hard\libc_nano.a(libc_a-msizer.o)
 .ARM.attributes
                0x00000b0b       0x34 C:/ST/STM32CubeIDE_1.15.0/STM32CubeIDE/plugins/com.st.stm32cube.ide.mcu.externaltools.gnu-tools-for-stm32.12.3.rel1.win32_1.0.100.202403111256/tools/bin/../lib/gcc/arm-none-eabi/12.3.1/../../../../arm-none-eabi/lib/thumb/v7e-m+fp/hard\libm.a(libm_a-wf_sqrt.o)
 .ARM.attributes
                0x00000b3f       0x34 C:/ST/STM32CubeIDE_1.15.0/STM32CubeIDE/plugins/com.st.stm32cube.ide.mcu.externaltools.gnu-tools-for-stm32.12.3.rel1.win32_1.0.100.202403111256/tools/bin/../lib/gcc/arm-none-eabi/12.3.1/../../../../arm-none-eabi/lib/thumb/v7e-m+fp/hard\libm.a(libm_a-ef_sqrt.o)
 .ARM.attributes
                0x00000b73       0x22 C:/ST/STM32CubeIDE_1.15.0/STM32CubeIDE/plugins/com.st.stm32cube.ide.mcu.externaltools.gnu-tools-for-stm32.12.3.rel1.win32_1.0.100.202403111256/tools/bin/../lib/gcc/arm-none-eabi/12.3.1/thumb/v7e-m+fp/hard\libgcc.a(_arm_muldf3.o)
 .ARM.attributes
                0x00000b95       0x22 C:/ST/STM32CubeIDE_1.15.0/STM32CubeIDE/plugins/com.st.stm32cube.ide.mcu.externaltools.gnu-tools-for-stm32.12.3.rel1.win32_1.0.100.202403111256/tools/bin/../lib/gcc/arm-none-eabi/12.3.1/thumb/v7e-m+fp/hard\libgcc.a(_arm_addsubdf3.o)
 .ARM.attributes
                0x00000bb7       0x22 C:/ST/STM32CubeIDE_1.15.0/STM32CubeIDE/plugins/com.st.stm32cube.ide.mcu.externaltools.gnu-tools-for-stm32.12.3.rel1.win32_1.0.100.202403111256/tools/bin/../lib/gcc/arm-none-eabi/12.3.1/thumb/v7e-m+fp/hard\libgcc.a(_arm_fixunsdfsi.o)
 .ARM.attributes
                0x00000bd9       0x22 C:/ST/STM32CubeIDE_1.15.0/STM32CubeIDE/plugins/com.st.stm32cube.ide.mcu.externaltools.gnu-tools-for-stm32.12.3.rel1.win32_1.0.100.202403111256/tools/bin/../lib/gcc/arm-none-eabi/12.3.1/thumb/v7e-m+fp/hard\libgcc.a(_aeabi_uldivmod.o)
 .ARM.attributes
                0x00000bfb       0x34 C:/ST/STM32CubeIDE_1.15.0/STM32CubeIDE/plugins/com.st.stm32cube.ide.mcu.externaltools.gnu-tools-for-stm32.12.3.rel1.win32_1.0.100.202403111256/tools/bin/../lib/gcc/arm-none-eabi/12.3.1/thumb/v7e-m+fp/hard\libgcc.a(_udivmoddi4.o)
 .ARM.attributes
                0x00000c2f       0x22 C:/ST/STM32CubeIDE_1.15.0/STM32CubeIDE/plugins/com.st.stm32cube.ide.mcu.externaltools.gnu-tools-for-stm32.12.3.rel1.win32_1.0.100.202403111256/tools/bin/../lib/gcc/arm-none-eabi/12.3.1/thumb/v7e-m+fp/hard\libgcc.a(_dvmd_tls.o)
 .ARM.attributes
                0x00000c51       0x22 C:/ST/STM32CubeIDE_1.15.0/STM32CubeIDE/plugins/com.st.stm32cube.ide.mcu.externaltools.gnu-tools-for-stm32.12.3.rel1.win32_1.0.100.202403111256/tools/bin/../lib/gcc/arm-none-eabi/12.3.1/thumb/v7e-m+fp/hard/crtn.o
OUTPUT(test_Sd_read.elf elf32-littlearm)
LOAD linker stubs
LOAD C:/ST/STM32CubeIDE_1.15.0/STM32CubeIDE/plugins/com.st.stm32cube.ide.mcu.externaltools.gnu-tools-for-stm32.12.3.rel1.win32_1.0.100.202403111256/tools/bin/../lib/gcc/arm-none-eabi/12.3.1/../../../../arm-none-eabi/lib/thumb/v7e-m+fp/hard\libc.a